2025-09-18T14:29:15.547474-06:00 Jaggi systemd-sysctl[74]: Couldn't write '1' to 'kernel/apparmor_restrict_unprivileged_userns', ignoring: No such file or directory
2025-09-18T14:29:15.547721-06:00 Jaggi systemd[1]: Finished systemd-sysctl.service - Apply Kernel Variables.
2025-09-18T14:29:15.547789-06:00 Jaggi kernel: Linux version 6.6.87.2-microsoft-standard-WSL2 (root@439a258ad544) (gcc (GCC) 11.2.0, GNU ld (GNU Binutils) 2.37) #1 SMP PREEMPT_DYNAMIC Thu Jun  5 18:30:46 UTC 2025

error
error 
critical


sadf
2025-09-18T14:29:15.547785-06:00 Jaggi systemd[1]: Finished keyboard-setup.service - Set the console keyboard layout.
2025-09-18T14:29:15.547795-06:00 Jaggi kernel: Command line: initrd=\initrd.img WSL_ROOT_INIT=1 panic=-1 nr_cpus=12 hv_utils.timesync_implicit=1 console=hvc0 debug pty.legacy_count=0 WSL_ENABLE_CRASH_DUMP=1 error
2025-09-18T14:29:15.547796-06:00 Jaggi kernel: KERNEL supported cpus: error
2025-09-18T14:29:15.547797-06:00 Jaggi kernel:   Intel GenuineIntel
2025-09-18T14:29:15.547797-06:00 Jaggi kernel:   AMD AuthenticAMD
2025-09-18T14:29:15.547797-06:00 Jaggi kernel: BIOS-provided physical RAM map:
2025-09-18T14:29:15.547798-06:00 Jaggi kernel: BIOS-e820: [mem 0x0000000000000000-0x000000000009ffff] usable
2025-09-18T14:29:15.547795-06:00 Jaggi systemd[1]: Finished systemd-tmpfiles-setup-dev-early.service - Create Static Device Nodes in /dev gracefully.
2025-09-18T14:29:15.547801-06:00 Jaggi kernel: BIOS-e820: [mem 0x00000000000e0000-0x00000000000e0fff] reserved
2025-09-18T14:29:15.547802-06:00 Jaggi kernel: BIOS-e820: [mem 0x0000000000100000-0x00000000001fffff] ACPI data critical
2025-09-18T14:29:15.547802-06:00 Jaggi kernel: BIOS-e820: [mem 0x0000000000200000-0x00000000f7ffffff] usable
2025-09-18T14:29:15.547803-06:00 Jaggi kernel: BIOS-e820: [mem 0x0000000100000000-0x00000001f2ffffff] usable
2025-09-18T14:29:15.547803-06:00 Jaggi kernel: NX (Execute Disable) protection: active
2025-09-18T14:29:15.547804-06:00 Jaggi kernel: APIC: Static calls initialized
2025-09-18T14:29:15.547804-06:00 Jaggi kernel: DMI not present or invalid.
2025-09-18T14:29:15.547803-06:00 Jaggi systemd[1]: Starting systemd-journal-flush.service - Flush Journal to Persistent Storage...
2025-09-18T14:29:15.547807-06:00 Jaggi kernel: Hypervisor detected: Microsoft Hyper-V
2025-09-18T14:29:15.547808-06:00 Jaggi kernel: Hyper-V: privilege flags low 0xae7f, high 0x3b8030, hints 0x900c2c, misc 0xe0bed7b6
2025-09-18T14:29:15.547809-06:00 Jaggi kernel: Hyper-V: Nested features: 0x4a0000
2025-09-18T14:29:15.547809-06:00 Jaggi kernel: Hyper-V: LAPIC Timer Frequency: 0xc3500
2025-09-18T14:29:15.547809-06:00 Jaggi kernel: Hyper-V: Using hypercall for remote TLB flush
2025-09-18T14:29:15.547810-06:00 Jaggi kernel: clocksource: hyperv_clocksource_tsc_page: mask: 0xffffffffffffffff max_cycles: 0x24e6a1710, max_idle_ns: 440795202120 ns
2025-09-18T14:29:15.547811-06:00 Jaggi systemd[1]: Starting systemd-sysusers.service - Create System Users...
2025-09-18T14:29:15.547818-06:00 Jaggi kernel: clocksource: hyperv_clocksource_msr: mask: 0xffffffffffffffff max_cycles: 0x24e6a1710, max_idle_ns: 440795202120 ns
2025-09-18T14:29:15.547819-06:00 Jaggi kernel: tsc: Detected 2295.628 MHz processor
2025-09-18T14:29:15.547819-06:00 Jaggi kernel: e820: update [mem 0x00000000-0x00000fff] usable ==> reserved
2025-09-18T14:29:15.547819-06:00 Jaggi kernel: e820: remove [mem 0x000a0000-0x000fffff] usable
2025-09-18T14:29:15.547820-06:00 Jaggi kernel: last_pfn = 0x1f3000 max_arch_pfn = 0x400000000
2025-09-18T14:29:15.547820-06:00 Jaggi kernel: MTRR map: 5 entries (4 fixed + 1 variable; max 20), built from 8 variable MTRRs
2025-09-18T14:29:15.547817-06:00 Jaggi systemd[1]: Finished systemd-sysusers.service - Create System Users.
2025-09-18T14:29:15.547823-06:00 Jaggi kernel: x86/PAT: Configuration [0-7]: WB  WC  UC- UC  WB  WP  UC- WT  
2025-09-18T14:29:15.547824-06:00 Jaggi kernel: last_pfn = 0xf8000 max_arch_pfn = 0x400000000
2025-09-18T14:29:15.547824-06:00 Jaggi kernel: Using GB pages for direct mapping
2025-09-18T14:29:15.547825-06:00 Jaggi kernel: RAMDISK: [mem 0x04be4000-0x04e7ffff]
2025-09-18T14:29:15.547825-06:00 Jaggi kernel: ACPI: Early table checksum verification disabled
2025-09-18T14:29:15.547826-06:00 Jaggi kernel: ACPI: RSDP 0x00000000000E0000 000024 (v02 VRTUAL)
2025-09-18T14:29:15.547829-06:00 Jaggi kernel: ACPI: XSDT 0x0000000000100000 000044 (v01 VRTUAL MICROSFT 00000001 MSFT 00000001)
2025-09-18T14:29:15.547829-06:00 Jaggi kernel: ACPI: FACP 0x0000000000101000 000114 (v06 VRTUAL MICROSFT 00000001 MSFT 00000001)
2025-09-18T14:29:15.547830-06:00 Jaggi kernel: ACPI: DSDT 0x00000000001011B8 01E11C (v02 MSFTVM DSDT01   00000001 INTL 20230628)
2025-09-18T14:29:15.547823-06:00 Jaggi systemd[1]: Starting systemd-tmpfiles-setup-dev.service - Create Static Device Nodes in /dev...
2025-09-18T14:29:15.547830-06:00 Jaggi kernel: ACPI: FACS 0x0000000000101114 000040
2025-09-18T14:29:15.547831-06:00 Jaggi kernel: ACPI: OEM0 0x0000000000101154 000064 (v01 VRTUAL MICROSFT 00000001 MSFT 00000001)
2025-09-18T14:29:15.547831-06:00 Jaggi kernel: ACPI: SRAT 0x000000000011F2D4 000370 (v02 VRTUAL MICROSFT 00000001 MSFT 00000001)
2025-09-18T14:29:15.547832-06:00 Jaggi kernel: ACPI: APIC 0x000000000011F644 0000A8 (v04 VRTUAL MICROSFT 00000001 MSFT 00000001)
2025-09-18T14:29:15.547835-06:00 Jaggi kernel: ACPI: Reserving FACP table memory at [mem 0x101000-0x101113]
2025-09-18T14:29:15.547836-06:00 Jaggi kernel: ACPI: Reserving DSDT table memory at [mem 0x1011b8-0x11f2d3]
2025-09-18T14:29:15.547833-06:00 Jaggi systemd[1]: Finished systemd-tmpfiles-setup-dev.service - Create Static Device Nodes in /dev.
2025-09-18T14:29:15.547836-06:00 Jaggi kernel: ACPI: Reserving FACS table memory at [mem 0x101114-0x101153]
2025-09-18T14:29:15.547838-06:00 Jaggi kernel: ACPI: Reserving OEM0 table memory at [mem 0x101154-0x1011b7]
2025-09-18T14:29:15.547838-06:00 Jaggi kernel: ACPI: Reserving SRAT table memory at [mem 0x11f2d4-0x11f643]
2025-09-18T14:29:15.547838-06:00 Jaggi kernel: ACPI: Reserving APIC table memory at [mem 0x11f644-0x11f6eb]
2025-09-18T14:29:15.547842-06:00 Jaggi kernel: SRAT: PXM 0 -> APIC 0x00 -> Node 0
2025-09-18T14:29:15.547842-06:00 Jaggi kernel: SRAT: PXM 0 -> APIC 0x01 -> Node 0
2025-09-18T14:29:15.547843-06:00 Jaggi kernel: SRAT: PXM 0 -> APIC 0x02 -> Node 0
2025-09-18T14:29:15.547843-06:00 Jaggi kernel: SRAT: PXM 0 -> APIC 0x03 -> Node 0
2025-09-18T14:29:15.547844-06:00 Jaggi kernel: SRAT: PXM 0 -> APIC 0x04 -> Node 0
2025-09-18T14:29:15.547840-06:00 Jaggi systemd[1]: Reached target local-fs-pre.target - Preparation for Local File Systems.
2025-09-18T14:29:15.547844-06:00 Jaggi kernel: SRAT: PXM 0 -> APIC 0x05 -> Node 0
2025-09-18T14:29:15.547844-06:00 Jaggi kernel: SRAT: PXM 0 -> APIC 0x06 -> Node 0
2025-09-18T14:29:15.547848-06:00 Jaggi kernel: SRAT: PXM 0 -> APIC 0x07 -> Node 0
2025-09-18T14:29:15.547848-06:00 Jaggi kernel: SRAT: PXM 0 -> APIC 0x08 -> Node 0
2025-09-18T14:29:15.547849-06:00 Jaggi kernel: SRAT: PXM 0 -> APIC 0x09 -> Node 0
2025-09-18T14:29:15.547849-06:00 Jaggi kernel: SRAT: PXM 0 -> APIC 0x0a -> Node 0
2025-09-18T14:29:15.547846-06:00 Jaggi systemd[1]: Reached target local-fs.target - Local File Systems.
2025-09-18T14:29:15.547851-06:00 Jaggi kernel: SRAT: PXM 0 -> APIC 0x0b -> Node 0
2025-09-18T14:29:15.547852-06:00 Jaggi kernel: ACPI: SRAT: Node 0 PXM 0 [mem 0x00000000-0xf7ffffff] hotplug
2025-09-18T14:29:15.547855-06:00 Jaggi kernel: ACPI: SRAT: Node 0 PXM 0 [mem 0x100000000-0x1f2ffffff] hotplug
2025-09-18T14:29:15.547855-06:00 Jaggi kernel: ACPI: SRAT: Node 0 PXM 0 [mem 0x1f3000000-0x9ffdfffff] hotplug
2025-09-18T14:29:15.547856-06:00 Jaggi kernel: ACPI: SRAT: Node 0 PXM 0 [mem 0x1000000000-0xfcffffffff] hotplug
2025-09-18T14:29:15.547856-06:00 Jaggi kernel: ACPI: SRAT: Node 0 PXM 0 [mem 0x10000000000-0x1ffffffffff] hotplug
2025-09-18T14:29:15.547857-06:00 Jaggi kernel: ACPI: SRAT: Node 0 PXM 0 [mem 0x20000000000-0x3ffffffffff] hotplug
2025-09-18T14:29:15.547857-06:00 Jaggi kernel: ACPI: SRAT: Node 0 PXM 0 [mem 0x40000000000-0x7ffffffffff] hotplug
2025-09-18T14:29:15.547854-06:00 Jaggi systemd[1]: Listening on systemd-sysext.socket - System Extension Image Management (Varlink).
2025-09-18T14:29:15.547860-06:00 Jaggi kernel: ACPI: SRAT: Node 0 PXM 0 [mem 0x80000000000-0xfffffffffff] hotplug
2025-09-18T14:29:15.547861-06:00 Jaggi kernel: ACPI: SRAT: Node 0 PXM 0 [mem 0x100000000000-0x1fffffffffff] hotplug
2025-09-18T14:29:15.547861-06:00 Jaggi kernel: ACPI: SRAT: Node 0 PXM 0 [mem 0x200000000000-0x3fffffffffff] hotplug
2025-09-18T14:29:15.547862-06:00 Jaggi kernel: ACPI: SRAT: Node 0 PXM 0 [mem 0x400000000000-0x7fffffffffff] hotplug
2025-09-18T14:29:15.547862-06:00 Jaggi kernel: ACPI: SRAT: Node 0 PXM 0 [mem 0x800000000000-0xffffffffffff] hotplug
2025-09-18T14:29:15.547863-06:00 Jaggi kernel: ACPI: SRAT: Node 0 PXM 0 [mem 0x1000000000000-0x1ffffffffffff] hotplug
2025-09-18T14:29:15.547863-06:00 Jaggi kernel: ACPI: SRAT: Node 0 PXM 0 [mem 0x2000000000000-0x3ffffffffffff] hotplug
2025-09-18T14:29:15.547866-06:00 Jaggi kernel: ACPI: SRAT: Node 0 PXM 0 [mem 0x4000000000000-0x7ffffffffffff] hotplug
2025-09-18T14:29:15.547867-06:00 Jaggi kernel: ACPI: SRAT: Node 0 PXM 0 [mem 0x8000000000000-0xfffffffffffff] hotplug
2025-09-18T14:29:15.547867-06:00 Jaggi kernel: NUMA: Node 0 [mem 0x00000000-0xf7ffffff] + [mem 0x100000000-0x1f2ffffff] -> [mem 0x00000000-0x1f2ffffff]
2025-09-18T14:29:15.547868-06:00 Jaggi kernel: NODE_DATA(0) allocated [mem 0x1f2fdd000-0x1f2ffefff]
2025-09-18T14:29:15.547868-06:00 Jaggi kernel: Zone ranges:
2025-09-18T14:29:15.547869-06:00 Jaggi kernel:   DMA32    [mem 0x0000000000001000-0x00000000ffffffff]
2025-09-18T14:29:15.547862-06:00 Jaggi systemd[1]: apparmor.service - Load AppArmor profiles was skipped because of an unmet condition check (ConditionSecurity=apparmor).
2025-09-18T14:29:15.547872-06:00 Jaggi kernel:   Normal   [mem 0x0000000100000000-0x00000001f2ffffff]
2025-09-18T14:29:15.547873-06:00 Jaggi kernel:   Device   empty
2025-09-18T14:29:15.547873-06:00 Jaggi kernel: Movable zone start for each node
2025-09-18T14:29:15.547874-06:00 Jaggi kernel: Early memory node ranges
2025-09-18T14:29:15.547874-06:00 Jaggi kernel:   node   0: [mem 0x0000000000001000-0x000000000009ffff]
2025-09-18T14:29:15.547874-06:00 Jaggi kernel:   node   0: [mem 0x0000000000200000-0x00000000f7ffffff]
2025-09-18T14:29:15.547873-06:00 Jaggi systemd[1]: Starting console-setup.service - Set console font and keymap...
2025-09-18T14:29:15.547878-06:00 Jaggi kernel:   node   0: [mem 0x0000000100000000-0x00000001f2ffffff]
2025-09-18T14:29:15.547878-06:00 Jaggi kernel: Initmem setup node 0 [mem 0x0000000000001000-0x00000001f2ffffff]
2025-09-18T14:29:15.547879-06:00 Jaggi kernel: On node 0, zone DMA32: 1 pages in unavailable ranges
2025-09-18T14:29:15.547879-06:00 Jaggi kernel: On node 0, zone DMA32: 352 pages in unavailable ranges
2025-09-18T14:29:15.547880-06:00 Jaggi kernel: On node 0, zone Normal: 20480 pages in unavailable ranges
2025-09-18T14:29:15.547880-06:00 Jaggi kernel: ACPI: PM-Timer IO Port: 0x408
2025-09-18T14:29:15.547880-06:00 Jaggi kernel: ACPI: LAPIC_NMI (acpi_id[0x01] dfl dfl lint[0x1])
2025-09-18T14:29:15.547880-06:00 Jaggi systemd[1]: Starting ldconfig.service - Rebuild Dynamic Linker Cache...
2025-09-18T14:29:15.547884-06:00 Jaggi kernel: IOAPIC[0]: apic_id 12, version 17, address 0xfec00000, GSI 0-23
2025-09-18T14:29:15.547884-06:00 Jaggi kernel: ACPI: INT_SRC_OVR (bus 0 bus_irq 9 global_irq 9 high level)
2025-09-18T14:29:15.547885-06:00 Jaggi kernel: ACPI: Using ACPI (MADT) for SMP configuration information
2025-09-18T14:29:15.547885-06:00 Jaggi kernel: smpboot: Allowing 12 CPUs, 0 hotplug CPUs
2025-09-18T14:29:15.547886-06:00 Jaggi kernel: PM: hibernation: Registered nosave memory: [mem 0x00000000-0x00000fff]
2025-09-18T14:29:15.547886-06:00 Jaggi kernel: PM: hibernation: Registered nosave memory: [mem 0x000a0000-0x000dffff]
2025-09-18T14:29:15.547886-06:00 Jaggi systemd[1]: snapd.apparmor.service - Load AppArmor profiles managed internally by snapd was skipped because of an unmet condition check (ConditionSecurity=apparmor).
2025-09-18T14:29:15.547889-06:00 Jaggi kernel: PM: hibernation: Registered nosave memory: [mem 0x000e0000-0x000e0fff]
2025-09-18T14:29:15.547890-06:00 Jaggi kernel: PM: hibernation: Registered nosave memory: [mem 0x000e1000-0x000fffff]
2025-09-18T14:29:15.547891-06:00 Jaggi kernel: PM: hibernation: Registered nosave memory: [mem 0x00100000-0x001fffff]
2025-09-18T14:29:15.547891-06:00 Jaggi kernel: PM: hibernation: Registered nosave memory: [mem 0xf8000000-0xffffffff]
2025-09-18T14:29:15.547892-06:00 Jaggi kernel: [mem 0xf8000000-0xffffffff] available for PCI devices
2025-09-18T14:29:15.547892-06:00 Jaggi kernel: Booting paravirtualized kernel on Hyper-V
2025-09-18T14:29:15.547892-06:00 Jaggi kernel: clocksource: refined-jiffies: mask: 0xffffffff max_cycles: 0xffffffff, max_idle_ns: 7645519600211568 ns
2025-09-18T14:29:15.547893-06:00 Jaggi systemd[1]: Starting systemd-binfmt.service - Set Up Additional Binary Formats...
2025-09-18T14:29:15.547936-06:00 Jaggi systemd[1]: Starting systemd-udevd.service - Rule-based Manager for Device Events and Files...
2025-09-18T14:29:15.547896-06:00 Jaggi kernel: setup_percpu: NR_CPUS:8192 nr_cpumask_bits:12 nr_cpu_ids:12 nr_node_ids:1
2025-09-18T14:29:15.547951-06:00 Jaggi kernel: percpu: Embedded 63 pages/cpu s221184 r8192 d28672 u262144
2025-09-18T14:29:15.547953-06:00 Jaggi kernel: pcpu-alloc: s221184 r8192 d28672 u262144 alloc=1*2097152
2025-09-18T14:29:15.547944-06:00 Jaggi systemd[1]: Finished systemd-journal-flush.service - Flush Journal to Persistent Storage.
2025-09-18T14:29:15.547959-06:00 Jaggi systemd[1]: Starting systemd-tmpfiles-setup.service - Create Volatile Files and Directories...
2025-09-18T14:29:15.547967-06:00 Jaggi systemd[1]: Finished console-setup.service - Set console font and keymap.
2025-09-18T14:29:15.547973-06:00 Jaggi sh[119]: /bin/sh: 1: cannot create /proc/sys/fs/binfmt_misc/WSLInterop-late: Permission denied
2025-09-18T14:29:15.547981-06:00 Jaggi systemd[1]: Finished systemd-binfmt.service - Set Up Additional Binary Formats.
2025-09-18T14:29:15.547987-06:00 Jaggi systemd[1]: Finished ldconfig.service - Rebuild Dynamic Linker Cache.
2025-09-18T14:29:15.547998-06:00 Jaggi systemd[1]: Finished systemd-tmpfiles-setup.service - Create Volatile Files and Directories.
2025-09-18T14:29:15.548004-06:00 Jaggi systemd[1]: systemd-firstboot.service - First Boot Wizard was skipped because of an unmet condition check (ConditionFirstBoot=yes).
2025-09-18T14:29:15.548010-06:00 Jaggi systemd[1]: first-boot-complete.target - First Boot Complete was skipped because of an unmet condition check (ConditionFirstBoot=yes).
2025-09-18T14:29:15.548017-06:00 Jaggi systemd[1]: Starting systemd-journal-catalog-update.service - Rebuild Journal Catalog...
2025-09-18T14:29:15.548024-06:00 Jaggi systemd[1]: systemd-machine-id-commit.service - Commit a transient machine-id on disk was skipped because of an unmet condition check (ConditionPathIsMountPoint=/etc/machine-id).
2025-09-18T14:29:15.548030-06:00 Jaggi systemd-udevd[106]: Using default interface naming scheme 'v255'.
2025-09-18T14:29:15.548040-06:00 Jaggi kernel: pcpu-alloc: [0] 00 01 02 03 04 05 06 07 [0] 08 09 10 11 -- -- -- -- 
2025-09-18T14:29:15.548042-06:00 Jaggi kernel: Hyper-V: PV spinlocks enabled
2025-09-18T14:29:15.548042-06:00 Jaggi kernel: PV qspinlock hash table entries: 256 (order: 0, 4096 bytes, linear)
2025-09-18T14:29:15.548040-06:00 Jaggi systemd[1]: Starting systemd-resolved.service - Network Name Resolution...
2025-09-18T14:29:15.548048-06:00 Jaggi kernel: Kernel command line: initrd=\initrd.img WSL_ROOT_INIT=1 panic=-1 nr_cpus=12 hv_utils.timesync_implicit=1 console=hvc0 debug pty.legacy_count=0 WSL_ENABLE_CRASH_DUMP=1
2025-09-18T14:29:15.548049-06:00 Jaggi kernel: Unknown kernel command line parameters "WSL_ROOT_INIT=1 WSL_ENABLE_CRASH_DUMP=1", will be passed to user space.
2025-09-18T14:29:15.548050-06:00 Jaggi kernel: random: crng init done
2025-09-18T14:29:15.548046-06:00 Jaggi systemd[1]: Starting systemd-timesyncd.service - Network Time Synchronization...
2025-09-18T14:29:15.548050-06:00 Jaggi kernel: Dentry cache hash table entries: 1048576 (order: 11, 8388608 bytes, linear)
2025-09-18T14:29:15.548051-06:00 Jaggi kernel: Inode-cache hash table entries: 524288 (order: 10, 4194304 bytes, linear)
2025-09-18T14:29:15.548051-06:00 Jaggi kernel: Fallback order for Node 0: 0 
2025-09-18T14:29:15.548053-06:00 Jaggi systemd[1]: Starting systemd-update-utmp.service - Record System Boot/Shutdown in UTMP...
2025-09-18T14:29:15.548059-06:00 Jaggi kernel: Built 1 zonelists, mobility grouping on.  Total pages: 1978688
2025-09-18T14:29:15.548060-06:00 Jaggi kernel: Policy zone: Normal
2025-09-18T14:29:15.548061-06:00 Jaggi kernel: mem auto-init: stack:off, heap alloc:on, heap free:off
2025-09-18T14:29:15.548061-06:00 Jaggi kernel: software IO TLB: area num 16.
2025-09-18T14:29:15.548062-06:00 Jaggi kernel: Memory: 4074588K/8043132K available (20480K kernel code, 3457K rwdata, 13496K rodata, 4492K init, 6208K bss, 261388K reserved, 0K cma-reserved)
2025-09-18T14:29:15.548062-06:00 Jaggi kernel: SLUB: HWalign=64, Order=0-3, MinObjects=0, CPUs=12, Nodes=1
2025-09-18T14:29:15.548061-06:00 Jaggi systemd[1]: wslg.service - WSLg Remount Service was skipped because of an unmet condition check (ConditionPathExists=!/tmp/.X11-unix/X0).
2025-09-18T14:29:15.548066-06:00 Jaggi kernel: ftrace: allocating 55808 entries in 218 pages
2025-09-18T14:29:15.548067-06:00 Jaggi kernel: ftrace: allocated 218 pages with 5 groups
2025-09-18T14:29:15.548067-06:00 Jaggi kernel: Dynamic Preempt: none
2025-09-18T14:29:15.548068-06:00 Jaggi kernel: rcu: Preemptible hierarchical RCU implementation.
2025-09-18T14:29:15.548068-06:00 Jaggi kernel: rcu: 	RCU restricting CPUs from NR_CPUS=8192 to nr_cpu_ids=12.
2025-09-18T14:29:15.548069-06:00 Jaggi kernel: 	Trampoline variant of Tasks RCU enabled.
2025-09-18T14:29:15.548072-06:00 Jaggi kernel: 	Rude variant of Tasks RCU enabled.
2025-09-18T14:29:15.548073-06:00 Jaggi kernel: 	Tracing variant of Tasks RCU enabled.
2025-09-18T14:29:15.548073-06:00 Jaggi kernel: rcu: RCU calculated value of scheduler-enlistment delay is 25 jiffies.
2025-09-18T14:29:15.548074-06:00 Jaggi kernel: rcu: Adjusting geometry for rcu_fanout_leaf=16, nr_cpu_ids=12
2025-09-18T14:29:15.548074-06:00 Jaggi kernel: Using NULL legacy PIC
2025-09-18T14:29:15.548074-06:00 Jaggi kernel: NR_IRQS: 524544, nr_irqs: 520, preallocated irqs: 0
2025-09-18T14:29:15.548075-06:00 Jaggi kernel: rcu: srcu_init: Setting srcu_struct sizes based on contention.
2025-09-18T14:29:15.548069-06:00 Jaggi systemd[1]: Started systemd-udevd.service - Rule-based Manager for Device Events and Files.
2025-09-18T14:29:15.548079-06:00 Jaggi kernel: Console: colour dummy device 80x25
2025-09-18T14:29:15.548080-06:00 Jaggi kernel: ACPI: Core revision 20230628
2025-09-18T14:29:15.548080-06:00 Jaggi kernel: Failed to register legacy timer interrupt
2025-09-18T14:29:15.548080-06:00 Jaggi kernel: APIC: Switch to symmetric I/O mode setup
2025-09-18T14:29:15.548081-06:00 Jaggi kernel: APIC: Switched APIC routing to: physical flat
2025-09-18T14:29:15.548081-06:00 Jaggi kernel: Hyper-V: Host Build 10.0.26100.6584-6-0
2025-09-18T14:29:15.548085-06:00 Jaggi kernel: Hyper-V: enabling crash_kexec_post_notifiers
2025-09-18T14:29:15.548085-06:00 Jaggi kernel: Hyper-V: Using IPI hypercalls
2025-09-18T14:29:15.548082-06:00 Jaggi systemd[1]: Finished systemd-udev-trigger.service - Coldplug All udev Devices.
2025-09-18T14:29:15.548088-06:00 Jaggi kernel: APIC: send_IPI() replaced with hv_send_ipi()
2025-09-18T14:29:15.548090-06:00 Jaggi kernel: APIC: send_IPI_mask() replaced with hv_send_ipi_mask()
2025-09-18T14:29:15.548091-06:00 Jaggi kernel: APIC: send_IPI_mask_allbutself() replaced with hv_send_ipi_mask_allbutself()
2025-09-18T14:29:15.548091-06:00 Jaggi kernel: APIC: send_IPI_allbutself() replaced with hv_send_ipi_allbutself()
2025-09-18T14:29:15.548094-06:00 Jaggi kernel: APIC: send_IPI_all() replaced with hv_send_ipi_all()
2025-09-18T14:29:15.548095-06:00 Jaggi kernel: APIC: send_IPI_self() replaced with hv_send_ipi_self()
2025-09-18T14:29:15.548095-06:00 Jaggi kernel: Hyper-V: Using enlightened APIC (xapic mode)
2025-09-18T14:29:15.548096-06:00 Jaggi kernel: APIC: eoi() replaced with hv_apic_eoi_write()
2025-09-18T14:29:15.548092-06:00 Jaggi systemd[1]: Finished systemd-journal-catalog-update.service - Rebuild Journal Catalog.
2025-09-18T14:29:15.548096-06:00 Jaggi kernel: APIC: read() replaced with hv_apic_read()
2025-09-18T14:29:15.548099-06:00 Jaggi kernel: APIC: write() replaced with hv_apic_write()
2025-09-18T14:29:15.548099-06:00 Jaggi kernel: APIC: icr_write() replaced with hv_apic_icr_write()
2025-09-18T14:29:15.548100-06:00 Jaggi systemd[1]: Finished systemd-update-utmp.service - Record System Boot/Shutdown in UTMP.
2025-09-18T14:29:15.548103-06:00 Jaggi kernel: APIC: icr_read() replaced with hv_apic_icr_read()
2025-09-18T14:29:15.548105-06:00 Jaggi kernel: clocksource: tsc-early: mask: 0xffffffffffffffff max_cycles: 0x21171327a01, max_idle_ns: 440795292484 ns
2025-09-18T14:29:15.548105-06:00 Jaggi kernel: Calibrating delay loop (skipped), value calculated using timer frequency.. 4591.25 BogoMIPS (lpj=9182512)
2025-09-18T14:29:15.548106-06:00 Jaggi kernel: x86/cpu: User Mode Instruction Prevention (UMIP) activated
2025-09-18T14:29:15.548106-06:00 Jaggi kernel: Last level iTLB entries: 4KB 512, 2MB 512, 4MB 256
2025-09-18T14:29:15.548107-06:00 Jaggi kernel: Last level dTLB entries: 4KB 2048, 2MB 2048, 4MB 1024, 1GB 0
2025-09-18T14:29:15.548106-06:00 Jaggi systemd[1]: Starting systemd-update-done.service - Update is Completed...
2025-09-18T14:29:15.548110-06:00 Jaggi kernel: Spectre V1 : Mitigation: usercopy/swapgs barriers and __user pointer sanitization
2025-09-18T14:29:15.548111-06:00 Jaggi kernel: Spectre V2 : Mitigation: Retpolines
2025-09-18T14:29:15.548111-06:00 Jaggi kernel: Spectre V2 : Spectre v2 / SpectreRSB mitigation: Filling RSB on context switch
2025-09-18T14:29:15.548111-06:00 Jaggi kernel: Spectre V2 : Spectre v2 / SpectreRSB : Filling RSB on VMEXIT
2025-09-18T14:29:15.548112-06:00 Jaggi kernel: Spectre V2 : Enabling Restricted Speculation for firmware calls
2025-09-18T14:29:15.548112-06:00 Jaggi kernel: Spectre V2 : mitigation: Enabling conditional Indirect Branch Prediction Barrier
2025-09-18T14:29:15.548111-06:00 Jaggi systemd[1]: Finished systemd-update-done.service - Update is Completed.
2025-09-18T14:29:15.548116-06:00 Jaggi kernel: Spectre V2 : User space: Mitigation: STIBP always-on protection
2025-09-18T14:29:15.548116-06:00 Jaggi kernel: Speculative Store Bypass: Mitigation: Speculative Store Bypass disabled via prctl
2025-09-18T14:29:15.548117-06:00 Jaggi kernel: Speculative Return Stack Overflow: IBPB-extending microcode not applied!
2025-09-18T14:29:15.548117-06:00 Jaggi kernel: Speculative Return Stack Overflow: WARNING: See https://kernel.org/doc/html/latest/admin-guide/hw-vuln/srso.html for mitigation options.
2025-09-18T14:29:15.548118-06:00 Jaggi kernel: Speculative Return Stack Overflow: Vulnerable: Safe RET, no microcode
2025-09-18T14:29:15.548118-06:00 Jaggi kernel: x86/fpu: Supporting XSAVE feature 0x001: 'x87 floating point registers'
2025-09-18T14:29:15.548122-06:00 Jaggi kernel: x86/fpu: Supporting XSAVE feature 0x002: 'SSE registers'
2025-09-18T14:29:15.548122-06:00 Jaggi kernel: x86/fpu: Supporting XSAVE feature 0x004: 'AVX registers'
2025-09-18T14:29:15.548123-06:00 Jaggi kernel: x86/fpu: Supporting XSAVE feature 0x800: 'Control-flow User registers'
2025-09-18T14:29:15.548123-06:00 Jaggi kernel: x86/fpu: xstate_offset[2]:  576, xstate_sizes[2]:  256
2025-09-18T14:29:15.548124-06:00 Jaggi kernel: x86/fpu: xstate_offset[11]:  832, xstate_sizes[11]:   16
2025-09-18T14:29:15.548124-06:00 Jaggi kernel: x86/fpu: Enabled xstate features 0x807, context size is 848 bytes, using 'compacted' format.
2025-09-18T14:29:15.548124-06:00 Jaggi kernel: Freeing SMP alternatives memory: 44K
2025-09-18T14:29:15.548117-06:00 Jaggi systemd-resolved[125]: Positive Trust Anchors:
2025-09-18T14:29:15.548128-06:00 Jaggi kernel: pid_max: default: 32768 minimum: 301
2025-09-18T14:29:15.548129-06:00 Jaggi kernel: LSM: initializing lsm=capability,landlock,yama,safesetid,selinux,integrity
2025-09-18T14:29:15.548129-06:00 Jaggi kernel: landlock: Up and running.
2025-09-18T14:29:15.548130-06:00 Jaggi kernel: Yama: becoming mindful.
2025-09-18T14:29:15.548130-06:00 Jaggi kernel: SELinux:  Initializing.
2025-09-18T14:29:15.548131-06:00 Jaggi kernel: Mount-cache hash table entries: 16384 (order: 5, 131072 bytes, linear)
2025-09-18T14:29:15.548128-06:00 Jaggi systemd-resolved[125]: . IN DS 20326 8 2 e06d44b80b8f1d39a95c0b0d7c65d08458e880409bbc683457104237c7f8ec8d
2025-09-18T14:29:15.548134-06:00 Jaggi kernel: Mountpoint-cache hash table entries: 16384 (order: 5, 131072 bytes, linear)
2025-09-18T14:29:15.548135-06:00 Jaggi kernel: smpboot: CPU0: AMD Ryzen 5 5625U with Radeon Graphics (family: 0x19, model: 0x50, stepping: 0x0)
2025-09-18T14:29:15.548135-06:00 Jaggi kernel: RCU Tasks: Setting shift to 4 and lim to 1 rcu_task_cb_adjust=1 rcu_task_cpu_ids=12.
2025-09-18T14:29:15.548135-06:00 Jaggi kernel: RCU Tasks Rude: Setting shift to 4 and lim to 1 rcu_task_cb_adjust=1 rcu_task_cpu_ids=12.
2025-09-18T14:29:15.548136-06:00 Jaggi kernel: RCU Tasks Trace: Setting shift to 4 and lim to 1 rcu_task_cb_adjust=1 rcu_task_cpu_ids=12.
2025-09-18T14:29:15.548136-06:00 Jaggi kernel: Performance Events: Fam17h+ core perfctr, AMD PMU driver.
2025-09-18T14:29:15.548137-06:00 Jaggi kernel: ... version:                0
2025-09-18T14:29:15.548134-06:00 Jaggi systemd-resolved[125]: Negative trust anchors: home.arpa 10.in-addr.arpa 16.172.in-addr.arpa 17.172.in-addr.arpa 18.172.in-addr.arpa 19.172.in-addr.arpa 20.172.in-addr.arpa 21.172.in-addr.arpa 22.172.in-addr.arpa 23.172.in-addr.arpa 24.172.in-addr.arpa 25.172.in-addr.arpa 26.172.in-addr.arpa 27.172.in-addr.arpa 28.172.in-addr.arpa 29.172.in-addr.arpa 30.172.in-addr.arpa 31.172.in-addr.arpa 170.0.0.192.in-addr.arpa 171.0.0.192.in-addr.arpa 168.192.in-addr.arpa d.f.ip6.arpa ipv4only.arpa corp home internal intranet lan local private test
2025-09-18T14:29:15.548141-06:00 Jaggi kernel: ... bit width:              48
2025-09-18T14:29:15.548141-06:00 Jaggi kernel: ... generic registers:      6
2025-09-18T14:29:15.548142-06:00 Jaggi kernel: ... value mask:             0000ffffffffffff
2025-09-18T14:29:15.548142-06:00 Jaggi kernel: ... max period:             00007fffffffffff
2025-09-18T14:29:15.548143-06:00 Jaggi kernel: ... fixed-purpose events:   0
2025-09-18T14:29:15.548143-06:00 Jaggi kernel: ... event mask:             000000000000003f
2025-09-18T14:29:15.548141-06:00 Jaggi systemd[1]: Started systemd-timesyncd.service - Network Time Synchronization.
2025-09-18T14:29:15.548147-06:00 Jaggi kernel: signal: max sigframe size: 1776
2025-09-18T14:29:15.548148-06:00 Jaggi kernel: rcu: Hierarchical SRCU implementation.
2025-09-18T14:29:15.548148-06:00 Jaggi kernel: rcu: 	Max phase no-delay instances is 1000.
2025-09-18T14:29:15.548149-06:00 Jaggi kernel: smp: Bringing up secondary CPUs ...
2025-09-18T14:29:15.548149-06:00 Jaggi kernel: smpboot: x86: Booting SMP configuration:
2025-09-18T14:29:15.548150-06:00 Jaggi kernel: .... node  #0, CPUs:        #2  #4  #6  #8 #10  #1  #3  #5  #7  #9 #11
2025-09-18T14:29:15.548149-06:00 Jaggi systemd[1]: Reached target time-set.target - System Time Set.
2025-09-18T14:29:15.548158-06:00 Jaggi kernel: Spectre V2 : Update user space SMT mitigation: STIBP always-on
2025-09-18T14:29:15.548159-06:00 Jaggi kernel: smp: Brought up 1 node, 12 CPUs
2025-09-18T14:29:15.548156-06:00 Jaggi systemd-resolved[125]: Using system hostname 'Jaggi'.
2025-09-18T14:29:15.548160-06:00 Jaggi kernel: smpboot: Max logical packages: 1
2025-09-18T14:29:15.548160-06:00 Jaggi kernel: smpboot: Total of 12 processors activated (55095.07 BogoMIPS)
2025-09-18T14:29:15.548161-06:00 Jaggi kernel: node 0 deferred pages initialised in 4ms
2025-09-18T14:29:15.548161-06:00 Jaggi kernel: devtmpfs: initialized
2025-09-18T14:29:15.548162-06:00 Jaggi kernel: x86/mm: Memory block size: 128MB
2025-09-18T14:29:15.548163-06:00 Jaggi systemd[1]: Started systemd-resolved.service - Network Name Resolution.
2025-09-18T14:29:15.548173-06:00 Jaggi kernel: clocksource: jiffies: mask: 0xffffffff max_cycles: 0xffffffff, max_idle_ns: 7645041785100000 ns
2025-09-18T14:29:15.548174-06:00 Jaggi kernel: futex hash table entries: 4096 (order: 6, 262144 bytes, linear)
2025-09-18T14:29:15.548174-06:00 Jaggi kernel: pinctrl core: initialized pinctrl subsystem
2025-09-18T14:29:15.548175-06:00 Jaggi kernel: NET: Registered PF_NETLINK/PF_ROUTE protocol family
2025-09-18T14:29:15.548176-06:00 Jaggi systemd[1]: Reached target nss-lookup.target - Host and Network Name Lookups.
2025-09-18T14:29:15.548184-06:00 Jaggi systemd[1]: Reached target sysinit.target - System Initialization.
2025-09-18T14:29:15.548191-06:00 Jaggi systemd[1]: apport-autoreport.path - Process error reports when automatic reporting is enabled (file watch) was skipped because of an unmet condition check (ConditionPathExists=/var/lib/apport/autoreport).
2025-09-18T14:29:15.548198-06:00 Jaggi systemd[1]: apport-autoreport.timer - Process error reports when automatic reporting is enabled (timer based) was skipped because of an unmet condition check (ConditionPathExists=/var/lib/apport/autoreport).
2025-09-18T14:29:15.548205-06:00 Jaggi systemd[1]: Started apt-daily.timer - Daily apt download activities.
2025-09-18T14:29:15.548218-06:00 Jaggi systemd[1]: Started apt-daily-upgrade.timer - Daily apt upgrade and clean activities.
2025-09-18T14:29:15.548224-06:00 Jaggi systemd[1]: Started dpkg-db-backup.timer - Daily dpkg database backup timer.
2025-09-18T14:29:15.548268-06:00 Jaggi kernel: DMA: preallocated 1024 KiB GFP_KERNEL pool for atomic allocations
2025-09-18T14:29:15.548269-06:00 Jaggi kernel: DMA: preallocated 1024 KiB GFP_KERNEL|GFP_DMA32 pool for atomic allocations
2025-09-18T14:29:15.548269-06:00 Jaggi kernel: audit: initializing netlink subsys (disabled)
2025-09-18T14:29:15.548270-06:00 Jaggi kernel: audit: type=2000 audit(1758227337.020:1): state=initialized audit_enabled=0 res=1
2025-09-18T14:29:15.548270-06:00 Jaggi kernel: thermal_sys: Registered thermal governor 'step_wise'
2025-09-18T14:29:15.548271-06:00 Jaggi kernel: thermal_sys: Registered thermal governor 'user_space'
2025-09-18T14:29:15.548271-06:00 Jaggi kernel: cpuidle: using governor ladder
2025-09-18T14:29:15.548272-06:00 Jaggi kernel: cpuidle: using governor menu
2025-09-18T14:29:15.548272-06:00 Jaggi kernel: acpiphp: ACPI Hot Plug PCI Controller Driver version: 0.5
2025-09-18T14:29:15.548273-06:00 Jaggi kernel: dca service started, version 1.12.1
2025-09-18T14:29:15.548273-06:00 Jaggi kernel: PCI: Fatal: No config space access function found
2025-09-18T14:29:15.548274-06:00 Jaggi kernel: kprobes: kprobe jump-optimization is enabled. All kprobes are optimized if possible.
2025-09-18T14:29:15.548274-06:00 Jaggi kernel: HugeTLB: registered 1.00 GiB page size, pre-allocated 0 pages
2025-09-18T14:29:15.548275-06:00 Jaggi kernel: HugeTLB: 16380 KiB vmemmap can be freed for a 1.00 GiB page
2025-09-18T14:29:15.548275-06:00 Jaggi kernel: HugeTLB: registered 2.00 MiB page size, pre-allocated 0 pages
2025-09-18T14:29:15.548276-06:00 Jaggi kernel: HugeTLB: 28 KiB vmemmap can be freed for a 2.00 MiB page
2025-09-18T14:29:15.548276-06:00 Jaggi kernel: cryptd: max_cpu_qlen set to 1000
2025-09-18T14:29:15.548277-06:00 Jaggi kernel: ACPI: Added _OSI(Module Device)
2025-09-18T14:29:15.548278-06:00 Jaggi kernel: ACPI: Added _OSI(Processor Device)
2025-09-18T14:29:15.548278-06:00 Jaggi kernel: ACPI: Added _OSI(3.0 _SCP Extensions)
2025-09-18T14:29:15.548279-06:00 Jaggi kernel: ACPI: Added _OSI(Processor Aggregator Device)
2025-09-18T14:29:15.548279-06:00 Jaggi kernel: ACPI: 1 ACPI AML tables successfully acquired and loaded
2025-09-18T14:29:15.548280-06:00 Jaggi kernel: ACPI: _OSC evaluation for CPUs failed, trying _PDC
2025-09-18T14:29:15.548280-06:00 Jaggi kernel: ACPI: Interpreter enabled
2025-09-18T14:29:15.548229-06:00 Jaggi systemd[1]: Started e2scrub_all.timer - Periodic ext4 Online Metadata Check for All Filesystems.
2025-09-18T14:29:15.548280-06:00 Jaggi kernel: ACPI: PM: (supports S0 S5)
2025-09-18T14:29:15.548283-06:00 Jaggi kernel: ACPI: Using IOAPIC for interrupt routing
2025-09-18T14:29:15.548283-06:00 Jaggi kernel: PCI: Using host bridge windows from ACPI; if necessary, use "pci=nocrs" and report a bug
2025-09-18T14:29:15.548284-06:00 Jaggi kernel: PCI: Using E820 reservations for host bridge windows
2025-09-18T14:29:15.548285-06:00 Jaggi kernel: ACPI: Enabled 2 GPEs in block 00 to 0F
2025-09-18T14:29:15.548285-06:00 Jaggi kernel: iommu: Default domain type: Translated
2025-09-18T14:29:15.548286-06:00 Jaggi kernel: iommu: DMA domain TLB invalidation policy: lazy mode
2025-09-18T14:29:15.548287-06:00 Jaggi kernel: SCSI subsystem initialized
2025-09-18T14:29:15.548287-06:00 Jaggi kernel: libata version 3.00 loaded.
2025-09-18T14:29:15.548288-06:00 Jaggi kernel: pps_core: LinuxPPS API ver. 1 registered
2025-09-18T14:29:15.548288-06:00 Jaggi kernel: pps_core: Software ver. 5.3.6 - Copyright 2005-2007 Rodolfo Giometti <giometti@linux.it>
2025-09-18T14:29:15.548289-06:00 Jaggi kernel: PTP clock support registered
2025-09-18T14:29:15.548289-06:00 Jaggi kernel: EDAC MC: Ver: 3.0.0
2025-09-18T14:29:15.548290-06:00 Jaggi kernel: hv_vmbus: Vmbus version:5.3
2025-09-18T14:29:15.548290-06:00 Jaggi kernel: hv_vmbus: Unknown GUID: 6e382d18-3336-4f4b-acc4-2b7703d4df4a
2025-09-18T14:29:15.548291-06:00 Jaggi kernel: hv_vmbus: Unknown GUID: dde9cbc0-5060-4436-9448-ea1254a5d177
2025-09-18T14:29:15.548291-06:00 Jaggi kernel: NetLabel: Initializing
2025-09-18T14:29:15.548292-06:00 Jaggi kernel: NetLabel:  domain hash size = 128
2025-09-18T14:29:15.548293-06:00 Jaggi kernel: NetLabel:  protocols = UNLABELED CIPSOv4 CALIPSO
2025-09-18T14:29:15.548287-06:00 Jaggi systemd[1]: fstrim.timer - Discard unused filesystem blocks once a week was skipped because of an unmet condition check (ConditionVirtualization=!container).
2025-09-18T14:29:15.548295-06:00 Jaggi kernel: NetLabel:  unlabeled traffic allowed by default
2025-09-18T14:29:15.548296-06:00 Jaggi kernel: PCI: Using ACPI for IRQ routing
2025-09-18T14:29:15.548296-06:00 Jaggi kernel: PCI: System does not support PCI
2025-09-18T14:29:15.548297-06:00 Jaggi kernel: vgaarb: loaded
2025-09-18T14:29:15.548298-06:00 Jaggi kernel: clocksource: Switched to clocksource tsc-early
2025-09-18T14:29:15.548298-06:00 Jaggi kernel: VFS: Disk quotas dquot_6.6.0
2025-09-18T14:29:15.548297-06:00 Jaggi systemd[1]: Started logrotate.timer - Daily rotation of log files.
2025-09-18T14:29:15.548299-06:00 Jaggi kernel: VFS: Dquot-cache hash table entries: 512 (order 0, 4096 bytes)
2025-09-18T14:29:15.548300-06:00 Jaggi kernel: FS-Cache: Loaded
2025-09-18T14:29:15.548301-06:00 Jaggi kernel: pnp: PnP ACPI init
2025-09-18T14:29:15.548302-06:00 Jaggi kernel: pnp: PnP ACPI: found 1 devices
2025-09-18T14:29:15.548302-06:00 Jaggi kernel: clocksource: acpi_pm: mask: 0xffffff max_cycles: 0xffffff, max_idle_ns: 2085701024 ns
2025-09-18T14:29:15.548303-06:00 Jaggi kernel: NET: Registered PF_INET protocol family
2025-09-18T14:29:15.548303-06:00 Jaggi kernel: IP idents hash table entries: 131072 (order: 8, 1048576 bytes, linear)
2025-09-18T14:29:15.548302-06:00 Jaggi systemd[1]: Started man-db.timer - Daily man-db regeneration.
2025-09-18T14:29:15.548304-06:00 Jaggi kernel: tcp_listen_portaddr_hash hash table entries: 4096 (order: 4, 65536 bytes, linear)
2025-09-18T14:29:15.548307-06:00 Jaggi kernel: Table-perturb hash table entries: 65536 (order: 6, 262144 bytes, linear)
2025-09-18T14:29:15.548307-06:00 Jaggi kernel: TCP established hash table entries: 65536 (order: 7, 524288 bytes, linear)
2025-09-18T14:29:15.548308-06:00 Jaggi kernel: TCP bind hash table entries: 65536 (order: 9, 2097152 bytes, linear)
2025-09-18T14:29:15.548308-06:00 Jaggi kernel: TCP: Hash tables configured (established 65536 bind 65536)
2025-09-18T14:29:15.548309-06:00 Jaggi kernel: UDP hash table entries: 4096 (order: 5, 131072 bytes, linear)
2025-09-18T14:29:15.548309-06:00 Jaggi kernel: UDP-Lite hash table entries: 4096 (order: 5, 131072 bytes, linear)
2025-09-18T14:29:15.548310-06:00 Jaggi kernel: NET: Registered PF_UNIX/PF_LOCAL protocol family
2025-09-18T14:29:15.548310-06:00 Jaggi kernel: NET: Registered PF_XDP protocol family
2025-09-18T14:29:15.548313-06:00 Jaggi kernel: PCI: CLS 0 bytes, default 64
2025-09-18T14:29:15.548314-06:00 Jaggi kernel: PCI-DMA: Using software bounce buffering for IO (SWIOTLB)
2025-09-18T14:29:15.548314-06:00 Jaggi kernel: software IO TLB: mapped [mem 0x00000000f4000000-0x00000000f8000000] (64MB)
2025-09-18T14:29:15.548315-06:00 Jaggi kernel: Trying to unpack rootfs image as initramfs...
2025-09-18T14:29:15.548315-06:00 Jaggi kernel: clocksource: tsc: mask: 0xffffffffffffffff max_cycles: 0x21171327a01, max_idle_ns: 440795292484 ns
2025-09-18T14:29:15.548315-06:00 Jaggi kernel: clocksource: Switched to clocksource tsc
2025-09-18T14:29:15.548316-06:00 Jaggi kernel: Initialise system trusted keyrings
2025-09-18T14:29:15.548316-06:00 Jaggi kernel: Key type blacklist registered
2025-09-18T14:29:15.548317-06:00 Jaggi kernel: workingset: timestamp_bits=36 max_order=21 bucket_order=0
2025-09-18T14:29:15.548317-06:00 Jaggi kernel: squashfs: version 4.0 (2009/01/31) Phillip Lougher
2025-09-18T14:29:15.548318-06:00 Jaggi kernel: fuse: init (API version 7.39)
2025-09-18T14:29:15.548318-06:00 Jaggi kernel: SGI XFS with ACLs, security attributes, realtime, verbose warnings, quota, no debug enabled
2025-09-18T14:29:15.548319-06:00 Jaggi kernel: 9p: Installing v9fs 9p2000 file system support
2025-09-18T14:29:15.548319-06:00 Jaggi kernel: Freeing initrd memory: 2672K
2025-09-18T14:29:15.548320-06:00 Jaggi kernel: Key type asymmetric registered
2025-09-18T14:29:15.548320-06:00 Jaggi kernel: Asymmetric key parser 'x509' registered
2025-09-18T14:29:15.548321-06:00 Jaggi kernel: Block layer SCSI generic (bsg) driver version 0.4 loaded (major 245)
2025-09-18T14:29:15.548321-06:00 Jaggi kernel: io scheduler mq-deadline registered
2025-09-18T14:29:15.548322-06:00 Jaggi kernel: io scheduler kyber registered
2025-09-18T14:29:15.548323-06:00 Jaggi kernel: hv_vmbus: registering driver hv_pci
2025-09-18T14:29:15.548323-06:00 Jaggi kernel: hv_pci c4b741f5-5582-4c98-8f8b-2e082933c396: PCI VMBus probing: Using version 0x10004
2025-09-18T14:29:15.548324-06:00 Jaggi kernel: hv_pci c4b741f5-5582-4c98-8f8b-2e082933c396: PCI host bridge to bus 5582:00
2025-09-18T14:29:15.548324-06:00 Jaggi kernel: pci_bus 5582:00: root bus resource [mem 0x9ffe00000-0x9ffe02fff window]
2025-09-18T14:29:15.548325-06:00 Jaggi kernel: pci_bus 5582:00: No busn resource found for root bus, will use [bus 00-ff]
2025-09-18T14:29:15.548325-06:00 Jaggi kernel: pci 5582:00:00.0: [1af4:1043] type 00 class 0x010000
2025-09-18T14:29:15.548326-06:00 Jaggi kernel: pci 5582:00:00.0: reg 0x10: [mem 0x9ffe00000-0x9ffe00fff 64bit]
2025-09-18T14:29:15.548326-06:00 Jaggi kernel: pci 5582:00:00.0: reg 0x18: [mem 0x9ffe01000-0x9ffe01fff 64bit]
2025-09-18T14:29:15.548327-06:00 Jaggi kernel: pci 5582:00:00.0: reg 0x20: [mem 0x9ffe02000-0x9ffe02fff 64bit]
2025-09-18T14:29:15.548327-06:00 Jaggi kernel: pci_bus 5582:00: busn_res: [bus 00-ff] end is updated to 00
2025-09-18T14:29:15.548328-06:00 Jaggi kernel: pci 5582:00:00.0: BAR 0: assigned [mem 0x9ffe00000-0x9ffe00fff 64bit]
2025-09-18T14:29:15.548328-06:00 Jaggi kernel: pci 5582:00:00.0: BAR 2: assigned [mem 0x9ffe01000-0x9ffe01fff 64bit]
2025-09-18T14:29:15.548329-06:00 Jaggi kernel: pci 5582:00:00.0: BAR 4: assigned [mem 0x9ffe02000-0x9ffe02fff 64bit]
2025-09-18T14:29:15.548330-06:00 Jaggi kernel: hv_pci f6f78bec-8657-4655-a02e-a5399bec0c81: PCI VMBus probing: Using version 0x10004
2025-09-18T14:29:15.548330-06:00 Jaggi kernel: hv_pci f6f78bec-8657-4655-a02e-a5399bec0c81: PCI host bridge to bus 8657:00
2025-09-18T14:29:15.548331-06:00 Jaggi kernel: pci_bus 8657:00: No busn resource found for root bus, will use [bus 00-ff]
2025-09-18T14:29:15.548331-06:00 Jaggi kernel: pci 8657:00:00.0: [1414:008e] type 00 class 0x030200
2025-09-18T14:29:15.548341-06:00 Jaggi kernel: pci_bus 8657:00: busn_res: [bus 00-ff] end is updated to 00
2025-09-18T14:29:15.548343-06:00 Jaggi kernel: ioatdma: Intel(R) QuickData Technology Driver 5.00
2025-09-18T14:29:15.548343-06:00 Jaggi kernel: virtio-pci 5582:00:00.0: enabling device (0000 -> 0002)
2025-09-18T14:29:15.548308-06:00 Jaggi systemd[1]: Started motd-news.timer - Message of the Day.
2025-09-18T14:29:15.548344-06:00 Jaggi kernel: Serial: 8250/16550 driver, 8 ports, IRQ sharing enabled
2025-09-18T14:29:15.548345-06:00 Jaggi kernel: Linux agpgart interface v0.103
2025-09-18T14:29:15.548346-06:00 Jaggi kernel: AMD-Vi: AMD IOMMUv2 functionality not available on this system - This is not a bug.
2025-09-18T14:29:15.548347-06:00 Jaggi kernel: ACPI: bus type drm_connector registered
2025-09-18T14:29:15.548348-06:00 Jaggi systemd[1]: snapd.snap-repair.timer - Timer to automatically fetch and run repair assertions was skipped because no trigger condition checks were met.
2025-09-18T14:29:15.548354-06:00 Jaggi kernel: printk: console [hvc0] enabled
2025-09-18T14:29:15.548356-06:00 Jaggi kernel: brd: module loaded
2025-09-18T14:29:15.548357-06:00 Jaggi kernel: loop: module loaded
2025-09-18T14:29:15.548357-06:00 Jaggi kernel: Loading iSCSI transport class v2.0-870.
2025-09-18T14:29:15.548358-06:00 Jaggi kernel: rdac: device handler registered
2025-09-18T14:29:15.548358-06:00 Jaggi kernel: Microchip SmartPQI Driver (v2.1.24-046)
2025-09-18T14:29:15.548356-06:00 Jaggi systemd[1]: Started systemd-tmpfiles-clean.timer - Daily Cleanup of Temporary Directories.
2025-09-18T14:29:15.548365-06:00 Jaggi kernel: VMware PVSCSI driver - version 1.0.7.0-k
2025-09-18T14:29:15.548363-06:00 Jaggi systemd[1]: ua-timer.timer - Ubuntu Pro Timer for running repeated jobs was skipped because of an unmet condition check (ConditionPathExists=/var/lib/ubuntu-advantage/private/machine-token.json).
2025-09-18T14:29:15.548366-06:00 Jaggi kernel: hv_vmbus: registering driver hv_storvsc
2025-09-18T14:29:15.548368-06:00 Jaggi kernel: scsi host0: storvsc_host_t
2025-09-18T14:29:15.548369-06:00 Jaggi kernel: PPP generic driver version 2.4.2
2025-09-18T14:29:15.548370-06:00 Jaggi systemd[1]: Reached target paths.target - Path Units.
2025-09-18T14:29:15.548376-06:00 Jaggi systemd[1]: Reached target timers.target - Timer Units.
2025-09-18T14:29:15.548382-06:00 Jaggi systemd[1]: Listening on apport-forward.socket - Unix socket for apport crash forwarding.
2025-09-18T14:29:15.548388-06:00 Jaggi systemd[1]: Listening on dbus.socket - D-Bus System Message Bus Socket.
2025-09-18T14:29:15.548394-06:00 Jaggi systemd[1]: Starting snapd.socket - Socket activation for snappy daemon...
2025-09-18T14:29:15.548400-06:00 Jaggi systemd[1]: Listening on uuidd.socket - UUID daemon activation socket.
2025-09-18T14:29:15.548406-06:00 Jaggi systemd[1]: systemd-pcrphase-sysinit.service - TPM2 PCR Barrier (Initialization) was skipped because of an unmet condition check (ConditionSecurity=measured-uki).
2025-09-18T14:29:15.548421-06:00 Jaggi systemd-resolved[125]: Clock change detected. Flushing caches.
2025-09-18T14:29:15.548427-06:00 Jaggi systemd-timesyncd[126]: Contacted time server 185.125.190.56:123 (ntp.ubuntu.com).
2025-09-18T14:29:15.548434-06:00 Jaggi systemd-timesyncd[126]: Initial clock synchronization to Thu 2025-09-18 14:29:15.352499 MDT.
2025-09-18T14:29:15.548439-06:00 Jaggi systemd[1]: Listening on snapd.socket - Socket activation for snappy daemon.
2025-09-18T14:29:15.548446-06:00 Jaggi systemd[1]: Reached target sockets.target - Socket Units.
2025-09-18T14:29:15.548458-06:00 Jaggi kernel: VMware vmxnet3 virtual NIC driver - version 1.7.0.0-k-NAPI
2025-09-18T14:29:15.548533-06:00 Jaggi systemd[1]: Reached target basic.target - Basic System.
2025-09-18T14:29:15.548540-06:00 Jaggi kernel: hv_vmbus: registering driver hv_netvsc
2025-09-18T14:29:15.548543-06:00 Jaggi kernel: Fusion MPT base driver 3.04.20
2025-09-18T14:29:15.548544-06:00 Jaggi kernel: Copyright (c) 1999-2008 LSI Corporation
2025-09-18T14:29:15.548544-06:00 Jaggi kernel: Fusion MPT SPI Host driver 3.04.20
2025-09-18T14:29:15.548544-06:00 Jaggi kernel: Fusion MPT SAS Host driver 3.04.20
2025-09-18T14:29:15.548545-06:00 Jaggi kernel: Fusion MPT misc device (ioctl) driver 3.04.20
2025-09-18T14:29:15.548545-06:00 Jaggi kernel: mptctl: Registered with Fusion MPT base driver
2025-09-18T14:29:15.548545-06:00 Jaggi kernel: mptctl: /dev/mptctl @ (major,minor=10,220)
2025-09-18T14:29:15.548541-06:00 Jaggi systemd[1]: apport.service - automatic crash report generation was skipped because of an unmet condition check (ConditionVirtualization=!container).
2025-09-18T14:29:15.548546-06:00 Jaggi kernel: i8042: PNP: No PS/2 controller found.
2025-09-18T14:29:15.548547-06:00 Jaggi kernel: hv_vmbus: registering driver hyperv_keyboard
2025-09-18T14:29:15.548548-06:00 Jaggi kernel: rtc_cmos 00:00: RTC can wake from S4
2025-09-18T14:29:15.548548-06:00 Jaggi kernel: rtc_cmos 00:00: registered as rtc0
2025-09-18T14:29:15.548548-06:00 Jaggi kernel: rtc_cmos 00:00: setting system clock to 2025-09-18T20:28:57 UTC (1758227337)
2025-09-18T14:29:15.548549-06:00 Jaggi kernel: rtc_cmos 00:00: alarms up to one month, 114 bytes nvram
2025-09-18T14:29:15.548549-06:00 Jaggi kernel: device-mapper: core: CONFIG_IMA_DISABLE_HTABLE is disabled. Duplicate IMA measurements will not be recorded in the IMA log.
2025-09-18T14:29:15.548549-06:00 Jaggi kernel: device-mapper: uevent: version 1.0.3
2025-09-18T14:29:15.548550-06:00 Jaggi kernel: device-mapper: ioctl: 4.48.0-ioctl (2023-03-01) initialised: dm-devel@redhat.com
2025-09-18T14:29:15.548550-06:00 Jaggi kernel: hv_utils: Registering HyperV Utility Driver
2025-09-18T14:29:15.548550-06:00 Jaggi kernel: hv_vmbus: registering driver hv_utils
2025-09-18T14:29:15.548551-06:00 Jaggi kernel: hv_vmbus: registering driver hv_balloon
2025-09-18T14:29:15.548551-06:00 Jaggi kernel: hv_vmbus: registering driver dxgkrnl
2025-09-18T14:29:15.548551-06:00 Jaggi kernel: hv_utils: TimeSync IC version 4.0
2025-09-18T14:29:15.548552-06:00 Jaggi kernel: hv_balloon: Using Dynamic Memory protocol version 2.0
2025-09-18T14:29:15.548552-06:00 Jaggi kernel: Free page reporting enabled
2025-09-18T14:29:15.548552-06:00 Jaggi kernel: hv_balloon: Cold memory discard hint enabled with order 9
2025-09-18T14:29:15.548553-06:00 Jaggi kernel: drop_monitor: Initializing network drop monitor service
2025-09-18T14:29:15.548553-06:00 Jaggi kernel: NET: Registered PF_INET6 protocol family
2025-09-18T14:29:15.548553-06:00 Jaggi kernel: Segment Routing with IPv6
2025-09-18T14:29:15.548553-06:00 Jaggi kernel: In-situ OAM (IOAM) with IPv6
2025-09-18T14:29:15.548554-06:00 Jaggi kernel: NET: Registered PF_PACKET protocol family
2025-09-18T14:29:15.548554-06:00 Jaggi kernel: 9pnet: Installing 9P2000 support
2025-09-18T14:29:15.548554-06:00 Jaggi kernel: NET: Registered PF_VSOCK protocol family
2025-09-18T14:29:15.548554-06:00 Jaggi kernel: hv_vmbus: registering driver hv_sock
2025-09-18T14:29:15.548551-06:00 Jaggi systemd[1]: Started cron.service - Regular background program processing daemon.
2025-09-18T14:29:15.548555-06:00 Jaggi kernel: IPI shorthand broadcast: enabled
2025-09-18T14:29:15.548556-06:00 Jaggi kernel: AVX2 version of gcm_enc/dec engaged.
2025-09-18T14:29:15.548556-06:00 Jaggi kernel: AES CTR mode by8 optimization enabled
2025-09-18T14:29:15.548557-06:00 Jaggi kernel: sched_clock: Marking stable (228004484, 416362)->(255926753, -27505907)
2025-09-18T14:29:15.548557-06:00 Jaggi kernel: registered taskstats version 1
2025-09-18T14:29:15.548557-06:00 Jaggi kernel: Loading compiled-in X.509 certificates
2025-09-18T14:29:15.548557-06:00 Jaggi kernel: ima: No TPM chip found, activating TPM-bypass!
2025-09-18T14:29:15.548558-06:00 Jaggi kernel: ima: Allocated hash algorithm: sha256
2025-09-18T14:29:15.548558-06:00 Jaggi kernel: ima: No architecture policies found
2025-09-18T14:29:15.548558-06:00 Jaggi kernel: RAS: Correctable Errors collector initialized.
2025-09-18T14:29:15.548559-06:00 Jaggi kernel: clk: Disabling unused clocks
2025-09-18T14:29:15.548559-06:00 Jaggi kernel: Freeing unused decrypted memory: 2028K
2025-09-18T14:29:15.548559-06:00 Jaggi kernel: Freeing unused kernel image (initmem) memory: 4492K
2025-09-18T14:29:15.548559-06:00 Jaggi kernel: Write protecting the kernel read-only data: 34816k
2025-09-18T14:29:15.548560-06:00 Jaggi kernel: Freeing unused kernel image (rodata/data gap) memory: 840K
2025-09-18T14:29:15.548560-06:00 Jaggi kernel: Run /init as init process
2025-09-18T14:29:15.548560-06:00 Jaggi kernel:   with arguments:
2025-09-18T14:29:15.548561-06:00 Jaggi kernel:     /init
2025-09-18T14:29:15.548561-06:00 Jaggi kernel:   with environment:
2025-09-18T14:29:15.548561-06:00 Jaggi kernel:     HOME=/
2025-09-18T14:29:15.548562-06:00 Jaggi kernel:     TERM=linux
2025-09-18T14:29:15.548562-06:00 Jaggi kernel:     WSL_ROOT_INIT=1
2025-09-18T14:29:15.548562-06:00 Jaggi kernel:     WSL_ENABLE_CRASH_DUMP=1
2025-09-18T14:29:15.548563-06:00 Jaggi kernel: scsi 0:0:0:0: Direct-Access     Msft     Virtual Disk     1.0  PQ: 0 ANSI: 5
2025-09-18T14:29:15.548559-06:00 Jaggi systemd[1]: Starting dbus.service - D-Bus System Message Bus...
2025-09-18T14:29:15.548563-06:00 Jaggi kernel: scsi 0:0:0:1: Direct-Access     Msft     Virtual Disk     1.0  PQ: 0 ANSI: 5
2025-09-18T14:29:15.548563-06:00 Jaggi kernel: sd 0:0:0:0: Attached scsi generic sg0 type 0
2025-09-18T14:29:15.548564-06:00 Jaggi kernel: sd 0:0:0:0: [sda] 795536 512-byte logical blocks: (407 MB/388 MiB)
2025-09-18T14:29:15.548564-06:00 Jaggi kernel: sd 0:0:0:1: Attached scsi generic sg1 type 0
2025-09-18T14:29:15.548564-06:00 Jaggi kernel: sd 0:0:0:1: [sdb] 381016 512-byte logical blocks: (195 MB/186 MiB)
2025-09-18T14:29:15.548565-06:00 Jaggi kernel: sd 0:0:0:0: [sda] Write Protect is on
2025-09-18T14:29:15.548565-06:00 Jaggi kernel: sd 0:0:0:1: [sdb] Write Protect is on
2025-09-18T14:29:15.548565-06:00 Jaggi kernel: sd 0:0:0:0: [sda] Mode Sense: 0f 00 80 00
2025-09-18T14:29:15.548565-06:00 Jaggi kernel: sd 0:0:0:1: [sdb] Mode Sense: 0f 00 80 00
2025-09-18T14:29:15.548566-06:00 Jaggi kernel: sd 0:0:0:0: [sda] Write cache: disabled, read cache: enabled, doesn't support DPO or FUA
2025-09-18T14:29:15.548566-06:00 Jaggi kernel: sd 0:0:0:1: [sdb] Write cache: disabled, read cache: enabled, doesn't support DPO or FUA
2025-09-18T14:29:15.548566-06:00 Jaggi kernel: sd 0:0:0:0: [sda] Attached SCSI disk
2025-09-18T14:29:15.548567-06:00 Jaggi kernel: sd 0:0:0:1: [sdb] Attached SCSI disk
2025-09-18T14:29:15.548567-06:00 Jaggi kernel: scsi 0:0:0:2: Direct-Access     Msft     Virtual Disk     1.0  PQ: 0 ANSI: 5
2025-09-18T14:29:15.548567-06:00 Jaggi kernel: sd 0:0:0:2: Attached scsi generic sg2 type 0
2025-09-18T14:29:15.548567-06:00 Jaggi kernel: sd 0:0:0:2: [sdc] 4194312 512-byte logical blocks: (2.15 GB/2.00 GiB)
2025-09-18T14:29:15.548568-06:00 Jaggi kernel: sd 0:0:0:2: [sdc] 4096-byte physical blocks
2025-09-18T14:29:15.548568-06:00 Jaggi kernel: sd 0:0:0:2: [sdc] Write Protect is off
2025-09-18T14:29:15.548568-06:00 Jaggi kernel: sd 0:0:0:2: [sdc] Mode Sense: 0f 00 00 00
2025-09-18T14:29:15.548568-06:00 Jaggi kernel: sd 0:0:0:2: [sdc] Write cache: enabled, read cache: enabled, doesn't support DPO or FUA
2025-09-18T14:29:15.548569-06:00 Jaggi kernel: sd 0:0:0:2: [sdc] Attached SCSI disk
2025-09-18T14:29:15.548569-06:00 Jaggi kernel: EXT4-fs (sda): mounted filesystem 00000000-0000-0000-0000-000000000000 ro without journal. Quota mode: none.
2025-09-18T14:29:15.548566-06:00 Jaggi systemd[1]: Started dmesg.service - Save initial kernel messages after boot.
2025-09-18T14:29:15.548570-06:00 Jaggi kernel: EXT4-fs (sdb): mounted filesystem 00000000-0000-0000-0000-000000000000 ro without journal. Quota mode: none.
2025-09-18T14:29:15.548571-06:00 Jaggi kernel: tun: Universal TUN/TAP device driver, 1.6
2025-09-18T14:29:15.548571-06:00 Jaggi kernel: bridge: filtering via arp/ip/ip6tables is no longer available by default. Update your scripts to load br_netfilter if you need this.
2025-09-18T14:29:15.548571-06:00 Jaggi kernel: Adding 2097152k swap on /dev/sdc.  Priority:-2 extents:1 across:2097152k 
2025-09-18T14:29:15.548571-06:00 Jaggi kernel: Bridge firewalling registered
2025-09-18T14:29:15.548572-06:00 Jaggi kernel: hv_pci 9d206ef7-a229-4c35-841c-6844398810b1: PCI VMBus probing: Using version 0x10004
2025-09-18T14:29:15.548572-06:00 Jaggi kernel: hv_pci 9d206ef7-a229-4c35-841c-6844398810b1: PCI host bridge to bus a229:00
2025-09-18T14:29:15.548572-06:00 Jaggi kernel: pci_bus a229:00: root bus resource [mem 0xc00000000-0xe00001fff window]
2025-09-18T14:29:15.548573-06:00 Jaggi kernel: pci_bus a229:00: No busn resource found for root bus, will use [bus 00-ff]
2025-09-18T14:29:15.548573-06:00 Jaggi kernel: pci a229:00:00.0: [1af4:105a] type 00 class 0x088000
2025-09-18T14:29:15.548573-06:00 Jaggi kernel: pci a229:00:00.0: reg 0x10: [mem 0xe00000000-0xe00000fff 64bit]
2025-09-18T14:29:15.548573-06:00 Jaggi kernel: pci a229:00:00.0: reg 0x18: [mem 0xe00001000-0xe00001fff 64bit]
2025-09-18T14:29:15.548574-06:00 Jaggi kernel: pci a229:00:00.0: reg 0x20: [mem 0xc00000000-0xdffffffff 64bit]
2025-09-18T14:29:15.548574-06:00 Jaggi kernel: pci_bus a229:00: busn_res: [bus 00-ff] end is updated to 00
2025-09-18T14:29:15.548574-06:00 Jaggi kernel: pci a229:00:00.0: BAR 4: assigned [mem 0xc00000000-0xdffffffff 64bit]
2025-09-18T14:29:15.548574-06:00 Jaggi kernel: pci a229:00:00.0: BAR 0: assigned [mem 0xe00000000-0xe00000fff 64bit]
2025-09-18T14:29:15.548575-06:00 Jaggi kernel: pci a229:00:00.0: BAR 2: assigned [mem 0xe00001000-0xe00001fff 64bit]
2025-09-18T14:29:15.548575-06:00 Jaggi kernel: virtio-pci a229:00:00.0: enabling device (0000 -> 0002)
2025-09-18T14:29:15.548575-06:00 Jaggi kernel: virtiofs virtio1: Cache len: 0x200000000 @ 0xc00000000
2025-09-18T14:29:15.548575-06:00 Jaggi kernel: scsi 0:0:0:3: Direct-Access     Msft     Virtual Disk     1.0  PQ: 0 ANSI: 5
2025-09-18T14:29:15.548599-06:00 Jaggi kernel: sd 0:0:0:3: Attached scsi generic sg3 type 0
2025-09-18T14:29:15.548600-06:00 Jaggi kernel: sd 0:0:0:3: [sdd] 2147483648 512-byte logical blocks: (1.10 TB/1.00 TiB)
2025-09-18T14:29:15.548600-06:00 Jaggi kernel: sd 0:0:0:3: [sdd] 4096-byte physical blocks
2025-09-18T14:29:15.548600-06:00 Jaggi kernel: sd 0:0:0:3: [sdd] Write Protect is off
2025-09-18T14:29:15.548601-06:00 Jaggi kernel: sd 0:0:0:3: [sdd] Mode Sense: 0f 00 00 00
2025-09-18T14:29:15.548601-06:00 Jaggi kernel: sd 0:0:0:3: [sdd] Write cache: enabled, read cache: enabled, doesn't support DPO or FUA
2025-09-18T14:29:15.548601-06:00 Jaggi kernel: sd 0:0:0:3: [sdd] Attached SCSI disk
2025-09-18T14:29:15.548601-06:00 Jaggi kernel: hv_storvsc fd1d2cbd-ce7c-535c-966b-eb5f811c95f0: tag#511 cmd 0x2a status: scsi 0x0 srb 0x4 hv 0xc00000a1
2025-09-18T14:29:15.548602-06:00 Jaggi kernel: hv_storvsc fd1d2cbd-ce7c-535c-966b-eb5f811c95f0: tag#575 cmd 0x2a status: scsi 0x0 srb 0x4 hv 0xc00000a1
2025-09-18T14:29:15.548602-06:00 Jaggi kernel: hv_storvsc fd1d2cbd-ce7c-535c-966b-eb5f811c95f0: tag#639 cmd 0x2a status: scsi 0x0 srb 0x4 hv 0xc00000a1
2025-09-18T14:29:15.548603-06:00 Jaggi kernel: hv_storvsc fd1d2cbd-ce7c-535c-966b-eb5f811c95f0: tag#703 cmd 0x2a status: scsi 0x0 srb 0x4 hv 0xc00000a1
2025-09-18T14:29:15.548574-06:00 Jaggi (cron)[190]: cron.service: Referenced but unset environment variable evaluates to an empty string: EXTRA_OPTS
2025-09-18T14:29:15.548610-06:00 Jaggi kernel: hv_storvsc fd1d2cbd-ce7c-535c-966b-eb5f811c95f0: tag#767 cmd 0x2a status: scsi 0x0 srb 0x4 hv 0xc00000a1
2025-09-18T14:29:15.548616-06:00 Jaggi systemd[1]: Starting e2scrub_reap.service - Remove Stale Online ext4 Metadata Check Snapshots...
2025-09-18T14:29:15.548629-06:00 Jaggi kernel: hv_storvsc fd1d2cbd-ce7c-535c-966b-eb5f811c95f0: tag#831 cmd 0x2a status: scsi 0x0 srb 0x4 hv 0xc00000a1
2025-09-18T14:29:15.548694-06:00 Jaggi kernel: hv_storvsc fd1d2cbd-ce7c-535c-966b-eb5f811c95f0: tag#895 cmd 0x2a status: scsi 0x0 srb 0x4 hv 0xc00000a1
2025-09-18T14:29:15.548696-06:00 Jaggi kernel: hv_storvsc fd1d2cbd-ce7c-535c-966b-eb5f811c95f0: tag#10 cmd 0x2a status: scsi 0x0 srb 0x4 hv 0xc00000a1
2025-09-18T14:29:15.548697-06:00 Jaggi kernel: EXT4-fs (sdd): mounted filesystem 8a232835-a8a4-44bc-97e6-484490e55d39 r/w with ordered data mode. Quota mode: none.
2025-09-18T14:29:15.548698-06:00 Jaggi kernel: WSL (237) ERROR: CheckConnection: getaddrinfo() failed: -5
2025-09-18T14:29:15.548698-06:00 Jaggi kernel: EXT4-fs (sdd): unmounting filesystem 8a232835-a8a4-44bc-97e6-484490e55d39.
2025-09-18T14:29:15.548698-06:00 Jaggi kernel: EXT4-fs (sdd): mounted filesystem 8a232835-a8a4-44bc-97e6-484490e55d39 r/w with ordered data mode. Quota mode: none.
2025-09-18T14:29:15.548699-06:00 Jaggi kernel: pulseaudio[280]: memfd_create() called without MFD_EXEC or MFD_NOEXEC_SEAL set
2025-09-18T14:29:15.548699-06:00 Jaggi kernel: misc dxg: dxgk: dxgkio_is_feature_enabled: Ioctl failed: -22
2025-09-18T14:29:15.548700-06:00 Jaggi kernel: misc dxg: dxgk: dxgkio_query_adapter_info: Ioctl failed: -22
2025-09-18T14:29:15.548701-06:00 Jaggi kernel: message repeated 2 times: [ misc dxg: dxgk: dxgkio_query_adapter_info: Ioctl failed: -22]
2025-09-18T14:29:15.548702-06:00 Jaggi kernel: misc dxg: dxgk: dxgkio_query_adapter_info: Ioctl failed: -2
2025-09-18T14:29:15.548705-06:00 Jaggi kernel: Failed to connect to bus: No such file or directory
2025-09-18T14:29:15.548705-06:00 Jaggi kernel: systemd-journald[55]: Collecting audit messages is disabled.
2025-09-18T14:29:15.548627-06:00 Jaggi systemd[1]: getty-static.service - getty on tty2-tty6 if dbus and logind are not available was skipped because of an unmet condition check (ConditionPathExists=!/usr/bin/dbus-daemon).
2025-09-18T14:29:15.548706-06:00 Jaggi kernel: systemd-journald[55]: Received client request to flush runtime journal.
2025-09-18T14:29:15.548721-06:00 Jaggi kernel: ACPI: AC: AC Adapter [AC1] (on-line)
2025-09-18T14:29:15.548723-06:00 Jaggi kernel: ACPI: battery: Slot [BAT1] (battery present)
2025-09-18T14:29:15.548724-06:00 Jaggi kernel: kvm_amd: TSC scaling supported
2025-09-18T14:29:15.548725-06:00 Jaggi kernel: kvm_amd: Nested Virtualization enabled
2025-09-18T14:29:15.548725-06:00 Jaggi kernel: kvm_amd: Nested Paging enabled
2025-09-18T14:29:15.548718-06:00 Jaggi systemd[1]: Starting landscape-client.service - Landscape client daemons...
2025-09-18T14:29:15.548726-06:00 Jaggi kernel: kvm_amd: kvm_amd: Hyper-V enlightened NPT TLB flush enabled
2025-09-18T14:29:15.548726-06:00 Jaggi kernel: kvm_amd: kvm_amd: Hyper-V Direct TLB Flush enabled
2025-09-18T14:29:15.548726-06:00 Jaggi kernel: kvm_amd: Virtual VMLOAD VMSAVE supported
2025-09-18T14:29:15.548728-06:00 Jaggi cron[190]: (CRON) INFO (pidfile fd = 3)
2025-09-18T14:29:15.548733-06:00 Jaggi cron[190]: (CRON) INFO (Running @reboot jobs)
2025-09-18T14:29:15.548760-06:00 Jaggi systemd[1]: networkd-dispatcher.service - Dispatcher daemon for systemd-networkd was skipped because no trigger condition checks were met.
2025-09-18T14:29:15.548768-06:00 Jaggi systemd[1]: Starting rsyslog.service - System Logging Service...
2025-09-18T14:29:15.548775-06:00 Jaggi systemd[1]: snapd.core-fixup.service - Automatically repair incorrect owner/permissions on core devices was skipped because no trigger condition checks were met.
2025-09-18T14:29:15.548818-06:00 Jaggi systemd[1]: snapd.recovery-chooser-trigger.service - Wait for the Ubuntu Core chooser trigger was skipped because of an unmet condition check (ConditionPathExistsGlob=/dev/input/event*).
2025-09-18T14:29:15.548829-06:00 Jaggi systemd[1]: Reached target getty-pre.target - Preparation for Logins.
2025-09-18T14:29:15.548838-06:00 Jaggi systemd[1]: Starting snapd.seeded.service - Wait until snapd is fully seeded...
2025-09-18T14:29:15.548844-06:00 Jaggi systemd[1]: Starting snapd.service - Snap Daemon...
2025-09-18T14:29:15.548852-06:00 Jaggi systemd[1]: Starting systemd-logind.service - User Login Management...
2025-09-18T14:29:15.548857-06:00 Jaggi systemd[1]: systemd-pcrphase.service - TPM2 PCR Barrier (User) was skipped because of an unmet condition check (ConditionSecurity=measured-uki).
2025-09-18T14:29:15.548864-06:00 Jaggi systemd[1]: Starting systemd-user-sessions.service - Permit User Sessions...
2025-09-18T14:29:15.548890-06:00 Jaggi systemd[1]: ua-reboot-cmds.service - Ubuntu Pro reboot cmds was skipped because of an unmet condition check (ConditionPathExists=/var/lib/ubuntu-advantage/private/machine-token.json).
2025-09-18T14:29:15.548900-06:00 Jaggi systemd[1]: ubuntu-advantage.service - Ubuntu Pro Background Auto Attach was skipped because no trigger condition checks were met.
2025-09-18T14:29:15.548909-06:00 Jaggi systemd[1]: Starting wsl-pro.service - Bridge to Ubuntu Pro agent on Windows...
2025-09-18T14:29:15.548923-06:00 Jaggi systemd[1]: Started dbus.service - D-Bus System Message Bus.
2025-09-18T14:29:15.548932-06:00 Jaggi systemd[1]: Finished systemd-user-sessions.service - Permit User Sessions.
2025-09-18T14:29:15.548962-06:00 Jaggi systemd[1]: Started console-getty.service - Console Getty.
2025-09-18T14:29:15.548971-06:00 Jaggi systemd[1]: Starting setvtrgb.service - Set console scheme...
2025-09-18T14:29:15.548977-06:00 Jaggi systemd[1]: e2scrub_reap.service: Deactivated successfully.
2025-09-18T14:29:15.548986-06:00 Jaggi systemd[1]: Finished e2scrub_reap.service - Remove Stale Online ext4 Metadata Check Snapshots.
2025-09-18T14:29:15.548990-06:00 Jaggi systemd[1]: Finished setvtrgb.service - Set console scheme.
2025-09-18T14:29:15.548999-06:00 Jaggi systemd[1]: Created slice system-getty.slice - Slice /system/getty.
2025-09-18T14:29:15.549004-06:00 Jaggi systemd[1]: Started getty@tty1.service - Getty on tty1.
2025-09-18T14:29:15.549009-06:00 Jaggi systemd[1]: Reached target getty.target - Login Prompts.
2025-09-18T14:29:15.549021-06:00 Jaggi systemd[1]: Started systemd-logind.service - User Login Management.
2025-09-18T14:29:15.549028-06:00 Jaggi systemd[1]: Started unattended-upgrades.service - Unattended Upgrades Shutdown.
2025-09-18T14:29:15.547994-06:00 Jaggi rsyslogd: imuxsock: Acquired UNIX socket '/run/systemd/journal/syslog' (fd 3) from systemd.  [v8.2312.0]
2025-09-18T14:29:15.548169-06:00 Jaggi systemd[1]: Started rsyslog.service - System Logging Service.
2025-09-18T14:29:15.548229-06:00 Jaggi rsyslogd: rsyslogd's groupid changed to 102
2025-09-18T14:29:15.548262-06:00 Jaggi rsyslogd: rsyslogd's userid changed to 102
2025-09-18T14:29:15.548339-06:00 Jaggi rsyslogd: [origin software="rsyslogd" swVersion="8.2312.0" x-pid="221" x-info="https://www.rsyslog.com"] start
2025-09-18T14:29:15.571094-06:00 Jaggi wsl-pro-service[200]: #033[36mINFO#033[0m Starting WSL Pro Service version v0.1.4
2025-09-18T14:29:15.571211-06:00 Jaggi wsl-pro-service[200]: #033[37mDEBUG#033[0m Debug mode is enabled
2025-09-18T14:29:15.571246-06:00 Jaggi wsl-pro-service[200]: #033[37mDEBUG#033[0m Building new daemon
2025-09-18T14:29:15.579541-06:00 Jaggi snapd[197]: overlord.go:284: Acquiring state lock file
2025-09-18T14:29:15.579731-06:00 Jaggi snapd[197]: overlord.go:289: Acquired state lock file
2025-09-18T14:29:15.602962-06:00 Jaggi snapd[197]: daemon.go:250: started snapd/2.68.5+ubuntu24.04.1 (series 16; classic; devmode; wsl) ubuntu/24.04 (amd64) linux/6.6.87.2-microsoft-standa.
2025-09-18T14:29:15.623079-06:00 Jaggi wsl-pro-service[200]: #033[37mDEBUG#033[0m Ready state sent to systemd
2025-09-18T14:29:15.623162-06:00 Jaggi wsl-pro-service[200]: #033[36mINFO#033[0m Daemon: connecting to Windows Agent
2025-09-18T14:29:15.623246-06:00 Jaggi wsl-pro-service[200]: #033[37mDEBUG#033[0m Updated systemd status to "Connecting"
2025-09-18T14:29:15.624748-06:00 Jaggi systemd[1]: Started wsl-pro.service - Bridge to Ubuntu Pro agent on Windows.
2025-09-18T14:29:15.624898-06:00 Jaggi wsl-pro-service[200]: #033[33mWARNING#033[0m Daemon: could not connect to Windows Agent: could not get address: could not read agent port file "/mnt/c/Users/jagdi/.ubuntupro/.address": open /mnt/c/Users/jagdi/.ubuntupro/.address: no such file or directory
2025-09-18T14:29:15.624974-06:00 Jaggi wsl-pro-service[200]: #033[36mINFO#033[0m Reconnecting to Windows host in 1 seconds
2025-09-18T14:29:15.625079-06:00 Jaggi wsl-pro-service[200]: #033[37mDEBUG#033[0m Updated systemd status to "Not connected: waiting to retry"
2025-09-18T14:29:15.628173-06:00 Jaggi systemd[1]: tmp-syscheck\x2dmountpoint\x2d1680295571.mount: Deactivated successfully.
2025-09-18T14:29:15.628423-06:00 Jaggi snapd[197]: daemon.go:353: adjusting startup timeout by 30s (pessimistic estimate of 30s plus 5s per snap)
2025-09-18T14:29:15.640312-06:00 Jaggi snapd[197]: backends.go:68: AppArmor status: apparmor not enabled
2025-09-18T14:29:15.663623-06:00 Jaggi snapd[197]: helpers.go:159: error trying to compare the snap system key: system-key missing on disk
2025-09-18T14:29:15.718529-06:00 Jaggi systemd[1]: Started snapd.service - Snap Daemon.
2025-09-18T14:29:15.791523-06:00 Jaggi dbus-daemon[191]: [system] Activating via systemd: service name='org.freedesktop.timedate1' unit='dbus-org.freedesktop.timedate1.service' requested by ':1.5' (uid=0 pid=197 comm="/usr/lib/snapd/snapd" label="kernel")
2025-09-18T14:29:15.830833-06:00 Jaggi systemd[1]: Starting systemd-timedated.service - Time & Date Service...
2025-09-18T14:29:15.873494-06:00 Jaggi dbus-daemon[191]: [system] Successfully activated service 'org.freedesktop.timedate1'
2025-09-18T14:29:15.873603-06:00 Jaggi systemd[1]: Started systemd-timedated.service - Time & Date Service.
2025-09-18T14:29:16.122393-06:00 Jaggi landscape-config[194]: Registered:    False
2025-09-18T14:29:16.122538-06:00 Jaggi landscape-config[194]: Config Path:   /etc/landscape/client.conf
2025-09-18T14:29:16.122587-06:00 Jaggi landscape-config[194]: Data Path      /var/lib/landscape/client
2025-09-18T14:29:16.187268-06:00 Jaggi systemd[1]: landscape-client.service: Skipped due to 'exec-condition'.
2025-09-18T14:29:16.187367-06:00 Jaggi systemd[1]: Condition check resulted in landscape-client.service - Landscape client daemons being skipped.
2025-09-18T14:29:16.626201-06:00 Jaggi wsl-pro-service[200]: #033[36mINFO#033[0m Daemon: connecting to Windows Agent
2025-09-18T14:29:16.626301-06:00 Jaggi wsl-pro-service[200]: #033[37mDEBUG#033[0m Updated systemd status to "Connecting"
2025-09-18T14:29:16.627755-06:00 Jaggi wsl-pro-service[200]: #033[33mWARNING#033[0m Daemon: could not connect to Windows Agent: could not get address: could not read agent port file "/mnt/c/Users/jagdi/.ubuntupro/.address": open /mnt/c/Users/jagdi/.ubuntupro/.address: no such file or directory
2025-09-18T14:29:16.627805-06:00 Jaggi wsl-pro-service[200]: #033[36mINFO#033[0m Reconnecting to Windows host in 2 seconds
2025-09-18T14:29:16.627842-06:00 Jaggi wsl-pro-service[200]: #033[37mDEBUG#033[0m Updated systemd status to "Not connected: waiting to retry"
2025-09-18T14:29:17.757079-06:00 Jaggi systemd[1]: Finished snapd.seeded.service - Wait until snapd is fully seeded.
2025-09-18T14:29:17.758131-06:00 Jaggi systemd[1]: snapd.autoimport.service - Auto import assertions from block devices was skipped because no trigger condition checks were met.
2025-09-18T14:29:17.758328-06:00 Jaggi systemd[1]: Reached target multi-user.target - Multi-User System.
2025-09-18T14:29:17.758643-06:00 Jaggi systemd[1]: Reached target graphical.target - Graphical Interface.
2025-09-18T14:29:17.783060-06:00 Jaggi systemd[1]: Starting systemd-update-utmp-runlevel.service - Record Runlevel Change in UTMP...
2025-09-18T14:29:17.790492-06:00 Jaggi systemd[1]: systemd-update-utmp-runlevel.service: Deactivated successfully.
2025-09-18T14:29:17.790731-06:00 Jaggi systemd[1]: Finished systemd-update-utmp-runlevel.service - Record Runlevel Change in UTMP.
2025-09-18T14:29:17.791312-06:00 Jaggi systemd[1]: Startup finished in 3.233s.
2025-09-18T14:29:17.812502-06:00 Jaggi systemd[1]: dmesg.service: Deactivated successfully.
2025-09-18T14:29:18.629384-06:00 Jaggi wsl-pro-service[200]: #033[36mINFO#033[0m Daemon: connecting to Windows Agent
2025-09-18T14:29:18.629479-06:00 Jaggi wsl-pro-service[200]: #033[37mDEBUG#033[0m Updated systemd status to "Connecting"
2025-09-18T14:29:18.630705-06:00 Jaggi wsl-pro-service[200]: #033[33mWARNING#033[0m Daemon: could not connect to Windows Agent: could not get address: could not read agent port file "/mnt/c/Users/jagdi/.ubuntupro/.address": open /mnt/c/Users/jagdi/.ubuntupro/.address: no such file or directory
2025-09-18T14:29:18.630749-06:00 Jaggi wsl-pro-service[200]: #033[36mINFO#033[0m Reconnecting to Windows host in 4 seconds
2025-09-18T14:29:18.630794-06:00 Jaggi wsl-pro-service[200]: #033[37mDEBUG#033[0m Updated systemd status to "Not connected: waiting to retry"
2025-09-18T14:29:20.726026-06:00 Jaggi snapd[197]: daemon.go:548: gracefully waiting for running hooks
2025-09-18T14:29:20.726097-06:00 Jaggi snapd[197]: daemon.go:550: done waiting for running hooks
2025-09-18T14:29:22.634731-06:00 Jaggi wsl-pro-service[200]: #033[36mINFO#033[0m Daemon: connecting to Windows Agent
2025-09-18T14:29:22.634810-06:00 Jaggi wsl-pro-service[200]: #033[37mDEBUG#033[0m Updated systemd status to "Connecting"
2025-09-18T14:29:22.636237-06:00 Jaggi wsl-pro-service[200]: #033[33mWARNING#033[0m Daemon: could not connect to Windows Agent: could not get address: could not read agent port file "/mnt/c/Users/jagdi/.ubuntupro/.address": open /mnt/c/Users/jagdi/.ubuntupro/.address: no such file or directory
2025-09-18T14:29:22.636287-06:00 Jaggi wsl-pro-service[200]: #033[36mINFO#033[0m Reconnecting to Windows host in 8 seconds
2025-09-18T14:29:22.636329-06:00 Jaggi wsl-pro-service[200]: #033[37mDEBUG#033[0m Updated systemd status to "Not connected: waiting to retry"
2025-09-18T14:29:23.727594-06:00 Jaggi snapd[197]: overlord.go:528: Released state lock file
2025-09-18T14:29:23.727729-06:00 Jaggi snapd[197]: daemon stop requested to wait for socket activation
2025-09-18T14:29:23.733755-06:00 Jaggi systemd[1]: snapd.service: Deactivated successfully.
2025-09-18T14:29:30.644536-06:00 Jaggi wsl-pro-service[200]: #033[36mINFO#033[0m Daemon: connecting to Windows Agent
2025-09-18T14:29:30.644656-06:00 Jaggi wsl-pro-service[200]: #033[37mDEBUG#033[0m Updated systemd status to "Connecting"
2025-09-18T14:29:30.646509-06:00 Jaggi wsl-pro-service[200]: #033[33mWARNING#033[0m Daemon: could not connect to Windows Agent: could not get address: could not read agent port file "/mnt/c/Users/jagdi/.ubuntupro/.address": open /mnt/c/Users/jagdi/.ubuntupro/.address: no such file or directory
2025-09-18T14:29:30.646618-06:00 Jaggi wsl-pro-service[200]: #033[36mINFO#033[0m Reconnecting to Windows host in 16 seconds
2025-09-18T14:29:30.646649-06:00 Jaggi wsl-pro-service[200]: #033[37mDEBUG#033[0m Updated systemd status to "Not connected: waiting to retry"
2025-09-18T14:29:29.127343-06:00 Jaggi systemd-resolved[125]: Clock change detected. Flushing caches.
2025-09-18T14:29:29.129156-06:00 Jaggi kernel: systemd-journald[55]: Time jumped backwards, rotating.
2025-09-18T14:29:41.491418-06:00 Jaggi systemd-resolved[125]: message repeated 3 times: [ Clock change detected. Flushing caches.]
2025-09-18T14:29:45.911411-06:00 Jaggi systemd[1]: systemd-timedated.service: Deactivated successfully.
2025-09-18T14:29:46.666131-06:00 Jaggi wsl-pro-service[200]: #033[36mINFO#033[0m Daemon: connecting to Windows Agent
2025-09-18T14:29:46.666463-06:00 Jaggi wsl-pro-service[200]: #033[37mDEBUG#033[0m Updated systemd status to "Connecting"
2025-09-18T14:29:46.667890-06:00 Jaggi wsl-pro-service[200]: #033[33mWARNING#033[0m Daemon: could not connect to Windows Agent: could not get address: could not read agent port file "/mnt/c/Users/jagdi/.ubuntupro/.address": open /mnt/c/Users/jagdi/.ubuntupro/.address: no such file or directory
2025-09-18T14:29:46.667936-06:00 Jaggi wsl-pro-service[200]: #033[36mINFO#033[0m Reconnecting to Windows host in 32 seconds
2025-09-18T14:29:46.667981-06:00 Jaggi wsl-pro-service[200]: #033[37mDEBUG#033[0m Updated systemd status to "Not connected: waiting to retry"
2025-09-18T14:29:46.157157-06:00 Jaggi systemd-resolved[125]: Clock change detected. Flushing caches.
2025-09-18T14:29:46.158719-06:00 Jaggi kernel: systemd-journald[55]: Time jumped backwards, rotating.
2025-09-18T14:29:46.198515-06:00 Jaggi kernel: hv_balloon: Max. dynamic memory size: 7856 MB
2025-09-18T14:29:49.514310-06:00 Jaggi systemd-resolved[125]: Clock change detected. Flushing caches.
2025-09-18T14:30:18.665162-06:00 Jaggi wsl-pro-service[200]: #033[36mINFO#033[0m Daemon: connecting to Windows Agent
2025-09-18T14:30:18.665324-06:00 Jaggi wsl-pro-service[200]: #033[37mDEBUG#033[0m Updated systemd status to "Connecting"
2025-09-18T14:30:18.666349-06:00 Jaggi wsl-pro-service[200]: #033[33mWARNING#033[0m Daemon: could not connect to Windows Agent: could not get address: could not read agent port file "/mnt/c/Users/jagdi/.ubuntupro/.address": open /mnt/c/Users/jagdi/.ubuntupro/.address: no such file or directory
2025-09-18T14:30:18.666388-06:00 Jaggi wsl-pro-service[200]: #033[36mINFO#033[0m Reconnecting to Windows host in 60 seconds
2025-09-18T14:30:18.666422-06:00 Jaggi wsl-pro-service[200]: #033[37mDEBUG#033[0m Updated systemd status to "Not connected: waiting to retry"
2025-09-18T14:30:23.924603-06:00 Jaggi systemd-resolved[125]: Clock change detected. Flushing caches.
2025-09-18T14:30:59.110364-06:00 Jaggi systemd-resolved[125]: Clock change detected. Flushing caches.
2025-09-18T14:31:23.841138-06:00 Jaggi wsl-pro-service[200]: #033[36mINFO#033[0m Daemon: connecting to Windows Agent
2025-09-18T14:31:23.841345-06:00 Jaggi wsl-pro-service[200]: #033[37mDEBUG#033[0m Updated systemd status to "Connecting"
2025-09-18T14:31:23.842848-06:00 Jaggi wsl-pro-service[200]: #033[33mWARNING#033[0m Daemon: could not connect to Windows Agent: could not get address: could not read agent port file "/mnt/c/Users/jagdi/.ubuntupro/.address": open /mnt/c/Users/jagdi/.ubuntupro/.address: no such file or directory
2025-09-18T14:31:23.842910-06:00 Jaggi wsl-pro-service[200]: #033[36mINFO#033[0m Reconnecting to Windows host in 60 seconds
2025-09-18T14:31:23.842935-06:00 Jaggi wsl-pro-service[200]: #033[37mDEBUG#033[0m Updated systemd status to "Not connected: waiting to retry"
2025-09-18T14:31:34.220374-06:00 Jaggi systemd-resolved[125]: Clock change detected. Flushing caches.
2025-09-18T14:32:09.404287-06:00 Jaggi systemd-resolved[125]: Clock change detected. Flushing caches.
2025-09-18T14:32:29.685748-06:00 Jaggi wsl-pro-service[200]: #033[36mINFO#033[0m Daemon: connecting to Windows Agent
2025-09-18T14:32:29.685915-06:00 Jaggi wsl-pro-service[200]: #033[37mDEBUG#033[0m Updated systemd status to "Connecting"
2025-09-18T14:32:29.687549-06:00 Jaggi wsl-pro-service[200]: #033[33mWARNING#033[0m Daemon: could not connect to Windows Agent: could not get address: could not read agent port file "/mnt/c/Users/jagdi/.ubuntupro/.address": open /mnt/c/Users/jagdi/.ubuntupro/.address: no such file or directory
2025-09-18T14:32:29.687594-06:00 Jaggi wsl-pro-service[200]: #033[36mINFO#033[0m Reconnecting to Windows host in 60 seconds
2025-09-18T14:32:29.687637-06:00 Jaggi wsl-pro-service[200]: #033[37mDEBUG#033[0m Updated systemd status to "Not connected: waiting to retry"
2025-09-18T14:32:44.587950-06:00 Jaggi systemd-resolved[125]: Clock change detected. Flushing caches.
2025-09-18T14:33:19.766769-06:00 Jaggi systemd-resolved[125]: Clock change detected. Flushing caches.
2025-09-18T14:33:35.607905-06:00 Jaggi wsl-pro-service[200]: #033[36mINFO#033[0m Daemon: connecting to Windows Agent
2025-09-18T14:33:35.608047-06:00 Jaggi wsl-pro-service[200]: #033[37mDEBUG#033[0m Updated systemd status to "Connecting"
2025-09-18T14:33:35.609783-06:00 Jaggi wsl-pro-service[200]: #033[33mWARNING#033[0m Daemon: could not connect to Windows Agent: could not get address: could not read agent port file "/mnt/c/Users/jagdi/.ubuntupro/.address": open /mnt/c/Users/jagdi/.ubuntupro/.address: no such file or directory
2025-09-18T14:33:35.609819-06:00 Jaggi wsl-pro-service[200]: #033[36mINFO#033[0m Reconnecting to Windows host in 60 seconds
2025-09-18T14:33:35.609843-06:00 Jaggi wsl-pro-service[200]: #033[37mDEBUG#033[0m Updated systemd status to "Not connected: waiting to retry"
2025-09-18T14:33:54.950469-06:00 Jaggi systemd-resolved[125]: Clock change detected. Flushing caches.
2025-09-18T14:34:30.129008-06:00 Jaggi systemd-resolved[125]: Clock change detected. Flushing caches.
2025-09-18T14:34:41.524738-06:00 Jaggi wsl-pro-service[200]: #033[36mINFO#033[0m Daemon: connecting to Windows Agent
2025-09-18T14:34:41.532697-06:00 Jaggi wsl-pro-service[200]: #033[37mDEBUG#033[0m Updated systemd status to "Connecting"
2025-09-18T14:34:41.532746-06:00 Jaggi wsl-pro-service[200]: #033[33mWARNING#033[0m Daemon: could not connect to Windows Agent: could not get address: could not read agent port file "/mnt/c/Users/jagdi/.ubuntupro/.address": open /mnt/c/Users/jagdi/.ubuntupro/.address: no such file or directory
2025-09-18T14:34:41.532765-06:00 Jaggi wsl-pro-service[200]: #033[36mINFO#033[0m Reconnecting to Windows host in 60 seconds
2025-09-18T14:34:41.532801-06:00 Jaggi wsl-pro-service[200]: #033[37mDEBUG#033[0m Updated systemd status to "Not connected: waiting to retry"
2025-09-18T14:35:05.310167-06:00 Jaggi systemd-resolved[125]: Clock change detected. Flushing caches.
2025-09-18T14:35:40.214988-06:00 Jaggi systemd-resolved[125]: Clock change detected. Flushing caches.
2025-09-18T14:35:47.174506-06:00 Jaggi wsl-pro-service[200]: #033[36mINFO#033[0m Daemon: connecting to Windows Agent
2025-09-18T14:35:47.174788-06:00 Jaggi wsl-pro-service[200]: #033[37mDEBUG#033[0m Updated systemd status to "Connecting"
2025-09-18T14:35:47.176181-06:00 Jaggi wsl-pro-service[200]: #033[33mWARNING#033[0m Daemon: could not connect to Windows Agent: could not get address: could not read agent port file "/mnt/c/Users/jagdi/.ubuntupro/.address": open /mnt/c/Users/jagdi/.ubuntupro/.address: no such file or directory
2025-09-18T14:35:47.176224-06:00 Jaggi wsl-pro-service[200]: #033[36mINFO#033[0m Reconnecting to Windows host in 60 seconds
2025-09-18T14:35:47.176247-06:00 Jaggi wsl-pro-service[200]: #033[37mDEBUG#033[0m Updated systemd status to "Not connected: waiting to retry"
2025-09-18T14:36:14.245333-06:00 Jaggi systemd-resolved[125]: Clock change detected. Flushing caches.
2025-09-18T14:36:49.414726-06:00 Jaggi systemd-resolved[125]: Clock change detected. Flushing caches.
2025-09-18T14:36:51.946109-06:00 Jaggi wsl-pro-service[200]: #033[36mINFO#033[0m Daemon: connecting to Windows Agent
2025-09-18T14:36:51.946241-06:00 Jaggi wsl-pro-service[200]: #033[37mDEBUG#033[0m Updated systemd status to "Connecting"
2025-09-18T14:36:51.947463-06:00 Jaggi wsl-pro-service[200]: #033[33mWARNING#033[0m Daemon: could not connect to Windows Agent: could not get address: could not read agent port file "/mnt/c/Users/jagdi/.ubuntupro/.address": open /mnt/c/Users/jagdi/.ubuntupro/.address: no such file or directory
2025-09-18T14:36:51.947506-06:00 Jaggi wsl-pro-service[200]: #033[36mINFO#033[0m Reconnecting to Windows host in 60 seconds
2025-09-18T14:36:51.947530-06:00 Jaggi wsl-pro-service[200]: #033[37mDEBUG#033[0m Updated systemd status to "Not connected: waiting to retry"
2025-09-18T14:37:24.603535-06:00 Jaggi systemd-resolved[125]: Clock change detected. Flushing caches.
2025-09-18T14:37:54.919440-06:00 Jaggi wsl-pro-service[200]: #033[36mINFO#033[0m Daemon: connecting to Windows Agent
2025-09-18T14:37:54.919635-06:00 Jaggi wsl-pro-service[200]: #033[37mDEBUG#033[0m Updated systemd status to "Connecting"
2025-09-18T14:37:54.921180-06:00 Jaggi wsl-pro-service[200]: #033[33mWARNING#033[0m Daemon: could not connect to Windows Agent: could not get address: could not read agent port file "/mnt/c/Users/jagdi/.ubuntupro/.address": open /mnt/c/Users/jagdi/.ubuntupro/.address: no such file or directory
2025-09-18T14:37:54.921235-06:00 Jaggi wsl-pro-service[200]: #033[36mINFO#033[0m Reconnecting to Windows host in 60 seconds
2025-09-18T14:37:54.921272-06:00 Jaggi wsl-pro-service[200]: #033[37mDEBUG#033[0m Updated systemd status to "Not connected: waiting to retry"
2025-09-18T14:37:59.414614-06:00 Jaggi systemd-resolved[125]: Clock change detected. Flushing caches.
2025-09-18T14:38:34.592216-06:00 Jaggi systemd-resolved[125]: Clock change detected. Flushing caches.
2025-09-18T14:39:00.463107-06:00 Jaggi wsl-pro-service[200]: #033[36mINFO#033[0m Daemon: connecting to Windows Agent
2025-09-18T14:39:00.463264-06:00 Jaggi wsl-pro-service[200]: #033[37mDEBUG#033[0m Updated systemd status to "Connecting"
2025-09-18T14:39:00.464492-06:00 Jaggi wsl-pro-service[200]: #033[33mWARNING#033[0m Daemon: could not connect to Windows Agent: could not get address: could not read agent port file "/mnt/c/Users/jagdi/.ubuntupro/.address": open /mnt/c/Users/jagdi/.ubuntupro/.address: no such file or directory
2025-09-18T14:39:00.464541-06:00 Jaggi wsl-pro-service[200]: #033[36mINFO#033[0m Reconnecting to Windows host in 60 seconds
2025-09-18T14:39:00.464566-06:00 Jaggi wsl-pro-service[200]: #033[37mDEBUG#033[0m Updated systemd status to "Not connected: waiting to retry"
2025-09-18T14:39:09.774687-06:00 Jaggi systemd-resolved[125]: Clock change detected. Flushing caches.
2025-09-18T14:39:48.818475-06:00 Jaggi kernel: mini_init (220): drop_caches: 1
2025-09-18T14:39:44.956671-06:00 Jaggi systemd-resolved[125]: Clock change detected. Flushing caches.
2025-09-18T14:40:06.385312-06:00 Jaggi wsl-pro-service[200]: #033[36mINFO#033[0m Daemon: connecting to Windows Agent
2025-09-18T14:40:06.387672-06:00 Jaggi wsl-pro-service[200]: #033[37mDEBUG#033[0m Updated systemd status to "Connecting"
2025-09-18T14:40:06.387725-06:00 Jaggi wsl-pro-service[200]: #033[33mWARNING#033[0m Daemon: could not connect to Windows Agent: could not get address: could not read agent port file "/mnt/c/Users/jagdi/.ubuntupro/.address": open /mnt/c/Users/jagdi/.ubuntupro/.address: no such file or directory
2025-09-18T14:40:06.387755-06:00 Jaggi wsl-pro-service[200]: #033[36mINFO#033[0m Reconnecting to Windows host in 60 seconds
2025-09-18T14:40:06.387846-06:00 Jaggi wsl-pro-service[200]: #033[37mDEBUG#033[0m Updated systemd status to "Not connected: waiting to retry"
2025-09-18T14:40:20.136614-06:00 Jaggi systemd-resolved[125]: Clock change detected. Flushing caches.
2025-09-18T14:40:55.319614-06:00 Jaggi systemd-resolved[125]: Clock change detected. Flushing caches.
2025-09-18T14:41:12.290258-06:00 Jaggi wsl-pro-service[200]: #033[36mINFO#033[0m Daemon: connecting to Windows Agent
2025-09-18T14:41:12.290430-06:00 Jaggi wsl-pro-service[200]: #033[37mDEBUG#033[0m Updated systemd status to "Connecting"
2025-09-18T14:41:12.291906-06:00 Jaggi wsl-pro-service[200]: #033[33mWARNING#033[0m Daemon: could not connect to Windows Agent: could not get address: could not read agent port file "/mnt/c/Users/jagdi/.ubuntupro/.address": open /mnt/c/Users/jagdi/.ubuntupro/.address: no such file or directory
2025-09-18T14:41:12.291965-06:00 Jaggi wsl-pro-service[200]: #033[36mINFO#033[0m Reconnecting to Windows host in 60 seconds
2025-09-18T14:41:12.291994-06:00 Jaggi wsl-pro-service[200]: #033[37mDEBUG#033[0m Updated systemd status to "Not connected: waiting to retry"
2025-09-18T14:41:30.497851-06:00 Jaggi systemd-resolved[125]: Clock change detected. Flushing caches.
2025-09-18T14:42:05.673606-06:00 Jaggi systemd-resolved[125]: Clock change detected. Flushing caches.
2025-09-18T14:42:18.207308-06:00 Jaggi wsl-pro-service[200]: #033[36mINFO#033[0m Daemon: connecting to Windows Agent
2025-09-18T14:42:18.207551-06:00 Jaggi wsl-pro-service[200]: #033[37mDEBUG#033[0m Updated systemd status to "Connecting"
2025-09-18T14:42:18.209108-06:00 Jaggi wsl-pro-service[200]: #033[33mWARNING#033[0m Daemon: could not connect to Windows Agent: could not get address: could not read agent port file "/mnt/c/Users/jagdi/.ubuntupro/.address": open /mnt/c/Users/jagdi/.ubuntupro/.address: no such file or directory
2025-09-18T14:42:18.209160-06:00 Jaggi wsl-pro-service[200]: #033[36mINFO#033[0m Reconnecting to Windows host in 60 seconds
2025-09-18T14:42:18.209184-06:00 Jaggi wsl-pro-service[200]: #033[37mDEBUG#033[0m Updated systemd status to "Not connected: waiting to retry"
2025-09-18T14:42:40.866364-06:00 Jaggi systemd-resolved[125]: Clock change detected. Flushing caches.
2025-09-18T14:43:16.050236-06:00 Jaggi systemd-resolved[125]: Clock change detected. Flushing caches.
2025-09-18T14:43:24.104502-06:00 Jaggi wsl-pro-service[200]: #033[36mINFO#033[0m Daemon: connecting to Windows Agent
2025-09-18T14:43:24.104680-06:00 Jaggi wsl-pro-service[200]: #033[37mDEBUG#033[0m Updated systemd status to "Connecting"
2025-09-18T14:43:24.106237-06:00 Jaggi wsl-pro-service[200]: #033[33mWARNING#033[0m Daemon: could not connect to Windows Agent: could not get address: could not read agent port file "/mnt/c/Users/jagdi/.ubuntupro/.address": open /mnt/c/Users/jagdi/.ubuntupro/.address: no such file or directory
2025-09-18T14:43:24.106289-06:00 Jaggi wsl-pro-service[200]: #033[36mINFO#033[0m Reconnecting to Windows host in 60 seconds
2025-09-18T14:43:24.106313-06:00 Jaggi wsl-pro-service[200]: #033[37mDEBUG#033[0m Updated systemd status to "Not connected: waiting to retry"
2025-09-18T14:43:51.219663-06:00 Jaggi systemd-resolved[125]: Clock change detected. Flushing caches.
2025-09-18T14:44:26.409678-06:00 Jaggi systemd-resolved[125]: Clock change detected. Flushing caches.
2025-09-18T14:44:30.021333-06:00 Jaggi wsl-pro-service[200]: #033[36mINFO#033[0m Daemon: connecting to Windows Agent
2025-09-18T14:44:30.021490-06:00 Jaggi wsl-pro-service[200]: #033[37mDEBUG#033[0m Updated systemd status to "Connecting"
2025-09-18T14:44:30.023206-06:00 Jaggi wsl-pro-service[200]: #033[33mWARNING#033[0m Daemon: could not connect to Windows Agent: could not get address: could not read agent port file "/mnt/c/Users/jagdi/.ubuntupro/.address": open /mnt/c/Users/jagdi/.ubuntupro/.address: no such file or directory
2025-09-18T14:44:30.023255-06:00 Jaggi wsl-pro-service[200]: #033[36mINFO#033[0m Reconnecting to Windows host in 60 seconds
2025-09-18T14:44:30.023329-06:00 Jaggi wsl-pro-service[200]: #033[37mDEBUG#033[0m Updated systemd status to "Not connected: waiting to retry"
2025-09-18T14:45:01.585722-06:00 Jaggi systemd-resolved[125]: Clock change detected. Flushing caches.
2025-09-18T14:45:32.483155-06:00 Jaggi systemd[1]: Starting systemd-tmpfiles-clean.service - Cleanup of Temporary Directories...
2025-09-18T14:45:32.526337-06:00 Jaggi systemd[1]: systemd-tmpfiles-clean.service: Deactivated successfully.
2025-09-18T14:45:32.526560-06:00 Jaggi systemd[1]: Finished systemd-tmpfiles-clean.service - Cleanup of Temporary Directories.
2025-09-18T14:45:32.987905-06:00 Jaggi wsl-pro-service[200]: #033[36mINFO#033[0m Daemon: connecting to Windows Agent
2025-09-18T14:45:32.989822-06:00 Jaggi wsl-pro-service[200]: #033[37mDEBUG#033[0m Updated systemd status to "Connecting"
2025-09-18T14:45:32.989863-06:00 Jaggi wsl-pro-service[200]: #033[33mWARNING#033[0m Daemon: could not connect to Windows Agent: could not get address: could not read agent port file "/mnt/c/Users/jagdi/.ubuntupro/.address": open /mnt/c/Users/jagdi/.ubuntupro/.address: no such file or directory
2025-09-18T14:45:32.989884-06:00 Jaggi wsl-pro-service[200]: #033[36mINFO#033[0m Reconnecting to Windows host in 60 seconds
2025-09-18T14:45:32.989913-06:00 Jaggi wsl-pro-service[200]: #033[37mDEBUG#033[0m Updated systemd status to "Not connected: waiting to retry"
2025-09-18T14:45:36.762189-06:00 Jaggi systemd-resolved[125]: Clock change detected. Flushing caches.
2025-09-18T14:46:11.976254-06:00 Jaggi systemd-resolved[125]: Clock change detected. Flushing caches.
2025-09-18T14:46:38.844839-06:00 Jaggi wsl-pro-service[200]: #033[36mINFO#033[0m Daemon: connecting to Windows Agent
2025-09-18T14:46:38.845083-06:00 Jaggi wsl-pro-service[200]: #033[37mDEBUG#033[0m Updated systemd status to "Connecting"
2025-09-18T14:46:38.846654-06:00 Jaggi wsl-pro-service[200]: #033[33mWARNING#033[0m Daemon: could not connect to Windows Agent: could not get address: could not read agent port file "/mnt/c/Users/jagdi/.ubuntupro/.address": open /mnt/c/Users/jagdi/.ubuntupro/.address: no such file or directory
2025-09-18T14:46:38.846711-06:00 Jaggi wsl-pro-service[200]: #033[36mINFO#033[0m Reconnecting to Windows host in 60 seconds
2025-09-18T14:46:38.846733-06:00 Jaggi wsl-pro-service[200]: #033[37mDEBUG#033[0m Updated systemd status to "Not connected: waiting to retry"
2025-09-18T14:46:47.133212-06:00 Jaggi systemd-resolved[125]: Clock change detected. Flushing caches.
2025-09-18T14:47:22.306670-06:00 Jaggi systemd-resolved[125]: Clock change detected. Flushing caches.
2025-09-18T14:47:44.771008-06:00 Jaggi wsl-pro-service[200]: #033[36mINFO#033[0m Daemon: connecting to Windows Agent
2025-09-18T14:47:44.771200-06:00 Jaggi wsl-pro-service[200]: #033[37mDEBUG#033[0m Updated systemd status to "Connecting"
2025-09-18T14:47:44.772711-06:00 Jaggi wsl-pro-service[200]: #033[33mWARNING#033[0m Daemon: could not connect to Windows Agent: could not get address: could not read agent port file "/mnt/c/Users/jagdi/.ubuntupro/.address": open /mnt/c/Users/jagdi/.ubuntupro/.address: no such file or directory
2025-09-18T14:47:44.772823-06:00 Jaggi wsl-pro-service[200]: #033[36mINFO#033[0m Reconnecting to Windows host in 60 seconds
2025-09-18T14:47:44.772868-06:00 Jaggi wsl-pro-service[200]: #033[37mDEBUG#033[0m Updated systemd status to "Not connected: waiting to retry"
2025-09-18T14:47:57.490415-06:00 Jaggi systemd-resolved[125]: Clock change detected. Flushing caches.
2025-09-18T14:48:32.668382-06:00 Jaggi systemd-resolved[125]: Clock change detected. Flushing caches.
2025-09-18T14:48:50.675611-06:00 Jaggi wsl-pro-service[200]: #033[36mINFO#033[0m Daemon: connecting to Windows Agent
2025-09-18T14:48:50.675793-06:00 Jaggi wsl-pro-service[200]: #033[37mDEBUG#033[0m Updated systemd status to "Connecting"
2025-09-18T14:48:50.677439-06:00 Jaggi wsl-pro-service[200]: #033[33mWARNING#033[0m Daemon: could not connect to Windows Agent: could not get address: could not read agent port file "/mnt/c/Users/jagdi/.ubuntupro/.address": open /mnt/c/Users/jagdi/.ubuntupro/.address: no such file or directory
2025-09-18T14:48:50.677490-06:00 Jaggi wsl-pro-service[200]: #033[36mINFO#033[0m Reconnecting to Windows host in 60 seconds
2025-09-18T14:48:50.677515-06:00 Jaggi wsl-pro-service[200]: #033[37mDEBUG#033[0m Updated systemd status to "Not connected: waiting to retry"
2025-09-18T14:49:07.855491-06:00 Jaggi systemd-resolved[125]: Clock change detected. Flushing caches.
2025-09-18T14:49:43.082330-06:00 Jaggi systemd-resolved[125]: Clock change detected. Flushing caches.
2025-09-18T14:49:56.607146-06:00 Jaggi wsl-pro-service[200]: #033[36mINFO#033[0m Daemon: connecting to Windows Agent
2025-09-18T14:49:56.607338-06:00 Jaggi wsl-pro-service[200]: #033[37mDEBUG#033[0m Updated systemd status to "Connecting"
2025-09-18T14:49:56.608948-06:00 Jaggi wsl-pro-service[200]: #033[33mWARNING#033[0m Daemon: could not connect to Windows Agent: could not get address: could not read agent port file "/mnt/c/Users/jagdi/.ubuntupro/.address": open /mnt/c/Users/jagdi/.ubuntupro/.address: no such file or directory
2025-09-18T14:49:56.608992-06:00 Jaggi wsl-pro-service[200]: #033[36mINFO#033[0m Reconnecting to Windows host in 60 seconds
2025-09-18T14:49:56.609017-06:00 Jaggi wsl-pro-service[200]: #033[37mDEBUG#033[0m Updated systemd status to "Not connected: waiting to retry"
2025-09-18T14:50:18.215535-06:00 Jaggi systemd-resolved[125]: Clock change detected. Flushing caches.
2025-09-18T14:50:53.392484-06:00 Jaggi systemd-resolved[125]: Clock change detected. Flushing caches.
2025-09-18T14:51:02.510097-06:00 Jaggi wsl-pro-service[200]: #033[36mINFO#033[0m Daemon: connecting to Windows Agent
2025-09-18T14:51:02.510239-06:00 Jaggi wsl-pro-service[200]: #033[37mDEBUG#033[0m Updated systemd status to "Connecting"
2025-09-18T14:51:02.517319-06:00 Jaggi wsl-pro-service[200]: #033[33mWARNING#033[0m Daemon: could not connect to Windows Agent: could not get address: could not read agent port file "/mnt/c/Users/jagdi/.ubuntupro/.address": open /mnt/c/Users/jagdi/.ubuntupro/.address: no such file or directory
2025-09-18T14:51:02.517387-06:00 Jaggi wsl-pro-service[200]: #033[36mINFO#033[0m Reconnecting to Windows host in 60 seconds
2025-09-18T14:51:02.517405-06:00 Jaggi wsl-pro-service[200]: #033[37mDEBUG#033[0m Updated systemd status to "Not connected: waiting to retry"
2025-09-18T14:51:28.582874-06:00 Jaggi systemd-resolved[125]: Clock change detected. Flushing caches.
2025-09-18T14:52:03.759507-06:00 Jaggi systemd-resolved[125]: Clock change detected. Flushing caches.
2025-09-18T14:52:08.425916-06:00 Jaggi wsl-pro-service[200]: #033[36mINFO#033[0m Daemon: connecting to Windows Agent
2025-09-18T14:52:08.426561-06:00 Jaggi wsl-pro-service[200]: #033[37mDEBUG#033[0m Updated systemd status to "Connecting"
2025-09-18T14:52:08.427844-06:00 Jaggi wsl-pro-service[200]: #033[33mWARNING#033[0m Daemon: could not connect to Windows Agent: could not get address: could not read agent port file "/mnt/c/Users/jagdi/.ubuntupro/.address": open /mnt/c/Users/jagdi/.ubuntupro/.address: no such file or directory
2025-09-18T14:52:08.427932-06:00 Jaggi wsl-pro-service[200]: #033[36mINFO#033[0m Reconnecting to Windows host in 60 seconds
2025-09-18T14:52:08.427972-06:00 Jaggi wsl-pro-service[200]: #033[37mDEBUG#033[0m Updated systemd status to "Not connected: waiting to retry"
2025-09-18T14:52:38.941984-06:00 Jaggi systemd-resolved[125]: Clock change detected. Flushing caches.
2025-09-18T15:07:51.059006-06:00 Jaggi systemd-resolved[125]: message repeated 3 times: [ Clock change detected. Flushing caches.]
2025-09-18T15:07:56.169777-06:00 Jaggi wsl-pro-service[200]: #033[36mINFO#033[0m Daemon: connecting to Windows Agent
2025-09-18T15:07:56.170067-06:00 Jaggi wsl-pro-service[200]: #033[37mDEBUG#033[0m Updated systemd status to "Connecting"
2025-09-18T15:07:56.171804-06:00 Jaggi wsl-pro-service[200]: #033[33mWARNING#033[0m Daemon: could not connect to Windows Agent: could not get address: could not read agent port file "/mnt/c/Users/jagdi/.ubuntupro/.address": open /mnt/c/Users/jagdi/.ubuntupro/.address: no such file or directory
2025-09-18T15:07:56.171855-06:00 Jaggi wsl-pro-service[200]: #033[36mINFO#033[0m Reconnecting to Windows host in 60 seconds
2025-09-18T15:07:56.171882-06:00 Jaggi wsl-pro-service[200]: #033[37mDEBUG#033[0m Updated systemd status to "Not connected: waiting to retry"
2025-09-18T15:06:13.012005-06:00 Jaggi systemd-resolved[125]: Clock change detected. Flushing caches.
2025-09-18T15:06:13.013455-06:00 Jaggi kernel: systemd-journald[55]: Time jumped backwards, rotating.
2025-09-18T15:06:23.356139-06:00 Jaggi adduser[414]: Adding user `jaggi' ...
2025-09-18T15:06:23.359235-06:00 Jaggi adduser[414]: Selecting UID/GID from range 1000 to 59999 ...
2025-09-18T15:06:23.363307-06:00 Jaggi adduser[414]: Adding new group `jaggi' (1000) ...
2025-09-18T15:06:23.388246-06:00 Jaggi adduser[414]: Adding new user `jaggi' (1000) with group `jaggi (1000)' ...
2025-09-18T15:06:23.432438-06:00 Jaggi adduser[414]: Creating home directory `/home/jaggi' ...
2025-09-18T15:06:23.438268-06:00 Jaggi adduser[414]: Copying files from `/etc/skel' ...
2025-09-18T15:06:44.436507-06:00 Jaggi adduser[414]: Adding new user `jaggi' to supplemental / extra groups `users' ...
2025-09-18T15:06:44.438900-06:00 Jaggi adduser[414]: Adding user `jaggi' to group `users' ...
2025-09-18T15:06:44.942896-06:00 Jaggi systemd[1]: Created slice user-1000.slice - User Slice of UID 1000.
2025-09-18T15:06:44.943740-06:00 Jaggi systemd[1]: Starting user-runtime-dir@1000.service - User Runtime Directory /run/user/1000...
2025-09-18T15:06:44.968008-06:00 Jaggi systemd[1]: Finished user-runtime-dir@1000.service - User Runtime Directory /run/user/1000.
2025-09-18T15:06:44.970064-06:00 Jaggi systemd[1]: Starting user@1000.service - User Manager for UID 1000...
2025-09-18T15:06:45.105487-06:00 Jaggi systemd[511]: Queued start job for default target default.target.
2025-09-18T15:06:45.123109-06:00 Jaggi systemd[511]: Created slice app.slice - User Application Slice.
2025-09-18T15:06:45.123192-06:00 Jaggi systemd[511]: Started launchpadlib-cache-clean.timer - Clean up old files in the Launchpadlib cache.
2025-09-18T15:06:45.123349-06:00 Jaggi systemd[511]: Reached target paths.target - Paths.
2025-09-18T15:06:45.123515-06:00 Jaggi systemd[511]: Reached target timers.target - Timers.
2025-09-18T15:06:45.123701-06:00 Jaggi systemd[511]: Starting dbus.socket - D-Bus User Message Bus Socket...
2025-09-18T15:06:45.123845-06:00 Jaggi systemd[511]: Listening on dirmngr.socket - GnuPG network certificate management daemon.
2025-09-18T15:06:45.124010-06:00 Jaggi systemd[511]: Listening on gpg-agent-browser.socket - GnuPG cryptographic agent and passphrase cache (access for web browsers).
2025-09-18T15:06:45.124083-06:00 Jaggi systemd[511]: Listening on gpg-agent-extra.socket - GnuPG cryptographic agent and passphrase cache (restricted).
2025-09-18T15:06:45.124124-06:00 Jaggi systemd[511]: Starting gpg-agent-ssh.socket - GnuPG cryptographic agent (ssh-agent emulation)...
2025-09-18T15:06:45.124157-06:00 Jaggi systemd[511]: Listening on gpg-agent.socket - GnuPG cryptographic agent and passphrase cache.
2025-09-18T15:06:45.124199-06:00 Jaggi systemd[511]: Listening on keyboxd.socket - GnuPG public key management service.
2025-09-18T15:06:45.124270-06:00 Jaggi systemd[511]: Listening on pk-debconf-helper.socket - debconf communication socket.
2025-09-18T15:06:45.124331-06:00 Jaggi systemd[511]: Listening on snapd.session-agent.socket - REST API socket for snapd user session agent.
2025-09-18T15:06:45.124401-06:00 Jaggi systemd[511]: Starting wslg-session.service - WSLg user service...
2025-09-18T15:06:45.124467-06:00 Jaggi systemd[511]: Listening on dbus.socket - D-Bus User Message Bus Socket.
2025-09-18T15:06:45.128617-06:00 Jaggi systemd[511]: Listening on gpg-agent-ssh.socket - GnuPG cryptographic agent (ssh-agent emulation).
2025-09-18T15:06:45.128712-06:00 Jaggi systemd[511]: Reached target sockets.target - Sockets.
2025-09-18T15:06:45.128791-06:00 Jaggi systemd[511]: Reached target basic.target - Basic System.
2025-09-18T15:06:45.128826-06:00 Jaggi systemd[511]: Reached target default.target - Main User Target.
2025-09-18T15:06:45.129343-06:00 Jaggi systemd[1]: Started user@1000.service - User Manager for UID 1000.
2025-09-18T15:06:45.130308-06:00 Jaggi systemd[1]: Started session-1.scope - Session 1 of User jaggi.
2025-09-18T15:06:45.148587-06:00 Jaggi systemd[511]: Finished wslg-session.service - WSLg user service.
2025-09-18T15:06:45.148677-06:00 Jaggi systemd[511]: Startup finished in 165ms.
2025-09-18T15:06:46.195275-06:00 Jaggi systemd-resolved[125]: Clock change detected. Flushing caches.
2025-09-18T15:06:46.936126-06:00 Jaggi wsl-pro-service[200]: #033[36mINFO#033[0m Daemon: connecting to Windows Agent
2025-09-18T15:06:46.936323-06:00 Jaggi wsl-pro-service[200]: #033[37mDEBUG#033[0m Updated systemd status to "Connecting"
2025-09-18T15:06:46.936611-06:00 Jaggi wsl-pro-service[200]: #033[33mWARNING#033[0m Daemon: could not connect to Windows Agent: could not get address: could not read agent port file "/mnt/c/Users/jagdi/.ubuntupro/.address": open /mnt/c/Users/jagdi/.ubuntupro/.address: no such file or directory
